Component: Arm Compiler for Embedded 6.21 Tool: armlink [5ec1fa00]

==============================================================================

Section Cross References

    startup.o(STACK) refers (Special) to heapauxi.o(.text) for __use_two_region_memory
    startup.o(HEAP) refers (Special) to heapauxi.o(.text) for __use_two_region_memory
    startup.o(RESET) refers (Special) to heapauxi.o(.text) for __use_two_region_memory
    startup.o(RESET) refers to startup.o(STACK) for StackMem
    startup.o(RESET) refers to moduletest.o(.text.GPIOPortF_Handler) for GPIOPortF_Handler
    startup.o(RESET) refers to __main.o(!!!main) for __main
    startup.o(.text) refers (Special) to heapauxi.o(.text) for __use_two_region_memory
    startup.o(.text) refers to startup.o(HEAP) for HeapMem
    startup.o(.text) refers to startup.o(STACK) for StackMem
    i2c.o(.ARM.exidx.text.I2C0_Init) refers to i2c.o(.text.I2C0_Init) for [Anonymous Symbol]
    i2c.o(.ARM.exidx.text.I2C0_Receive) refers to i2c.o(.text.I2C0_Receive) for [Anonymous Symbol]
    i2c.o(.ARM.exidx.text.I2C0_Transmit) refers to i2c.o(.text.I2C0_Transmit) for [Anonymous Symbol]
    i2c.o(.ARM.exidx.text.I2C0_Burst_Receive) refers to i2c.o(.text.I2C0_Burst_Receive) for [Anonymous Symbol]
    i2c.o(.ARM.exidx.text.I2C0_Burst_Transmit) refers to i2c.o(.text.I2C0_Burst_Transmit) for [Anonymous Symbol]
    uart0.o(.ARM.exidx.text.UART0_Init) refers to uart0.o(.text.UART0_Init) for [Anonymous Symbol]
    uart0.o(.text.UART0_OutCRLF) refers to uart0.o(.text.UART0_OutChar) for UART0_OutChar
    uart0.o(.ARM.exidx.text.UART0_OutCRLF) refers to uart0.o(.text.UART0_OutCRLF) for [Anonymous Symbol]
    uart0.o(.ARM.exidx.text.UART0_OutChar) refers to uart0.o(.text.UART0_OutChar) for [Anonymous Symbol]
    uart0.o(.ARM.exidx.text.UART0_InChar) refers to uart0.o(.text.UART0_InChar) for [Anonymous Symbol]
    uart0.o(.text.UART0_OutString) refers to uart0.o(.text.UART0_OutChar) for UART0_OutChar
    uart0.o(.ARM.exidx.text.UART0_OutString) refers to uart0.o(.text.UART0_OutString) for [Anonymous Symbol]
    uart0.o(.text.UART0_InString) refers to uart0.o(.text.UART0_InChar) for UART0_InChar
    uart0.o(.text.UART0_InString) refers to uart0.o(.text.UART0_OutChar) for UART0_OutChar
    uart0.o(.ARM.exidx.text.UART0_InString) refers to uart0.o(.text.UART0_InString) for [Anonymous Symbol]
    buttonled.o(.ARM.exidx.text.LED_Init) refers to buttonled.o(.text.LED_Init) for [Anonymous Symbol]
    buttonled.o(.ARM.exidx.text.BTN_Init) refers to buttonled.o(.text.BTN_Init) for [Anonymous Symbol]
    util.o(.ARM.exidx.text.WTIMER0_Init) refers to util.o(.text.WTIMER0_Init) for [Anonymous Symbol]
    util.o(.ARM.exidx.text.DELAY_1MS) refers to util.o(.text.DELAY_1MS) for [Anonymous Symbol]
    util.o(.ARM.exidx.text.map) refers to util.o(.text.map) for [Anonymous Symbol]
    mpu6050.o(.text.MPU6050_Init) refers to i2c.o(.text.I2C0_Receive) for I2C0_Receive
    mpu6050.o(.text.MPU6050_Init) refers to mpu6050.o(.rodata.str1.1) for .L.str
    mpu6050.o(.text.MPU6050_Init) refers to uart0.o(.text.UART0_OutString) for UART0_OutString
    mpu6050.o(.text.MPU6050_Init) refers to sprintf.o(.text) for sprintf
    mpu6050.o(.text.MPU6050_Init) refers to i2c.o(.text.I2C0_Transmit) for I2C0_Transmit
    mpu6050.o(.ARM.exidx.text.MPU6050_Init) refers to mpu6050.o(.text.MPU6050_Init) for [Anonymous Symbol]
    mpu6050.o(.text.MPU6050_Get_Accel) refers to i2c.o(.text.I2C0_Receive) for I2C0_Receive
    mpu6050.o(.ARM.exidx.text.MPU6050_Get_Accel) refers to mpu6050.o(.text.MPU6050_Get_Accel) for [Anonymous Symbol]
    mpu6050.o(.text.MPU6050_Get_Gyro) refers to i2c.o(.text.I2C0_Receive) for I2C0_Receive
    mpu6050.o(.ARM.exidx.text.MPU6050_Get_Gyro) refers to mpu6050.o(.text.MPU6050_Get_Gyro) for [Anonymous Symbol]
    mpu6050.o(.text.MPU6050_Process_Accel) refers to i2c.o(.text.I2C0_Receive) for I2C0_Receive
    mpu6050.o(.text.MPU6050_Process_Accel) refers to fflt_clz.o(x$fpl$fflt) for __aeabi_i2f
    mpu6050.o(.text.MPU6050_Process_Accel) refers to f2d.o(x$fpl$f2d) for __aeabi_f2d
    mpu6050.o(.text.MPU6050_Process_Accel) refers to ddiv.o(x$fpl$ddiv) for __aeabi_ddiv
    mpu6050.o(.text.MPU6050_Process_Accel) refers to d2f.o(x$fpl$d2f) for __aeabi_d2f
    mpu6050.o(.ARM.exidx.text.MPU6050_Process_Accel) refers to mpu6050.o(.text.MPU6050_Process_Accel) for [Anonymous Symbol]
    mpu6050.o(.text.MPU6050_Process_Gyro) refers to i2c.o(.text.I2C0_Receive) for I2C0_Receive
    mpu6050.o(.text.MPU6050_Process_Gyro) refers to fflt_clz.o(x$fpl$fflt) for __aeabi_i2f
    mpu6050.o(.text.MPU6050_Process_Gyro) refers to f2d.o(x$fpl$f2d) for __aeabi_f2d
    mpu6050.o(.text.MPU6050_Process_Gyro) refers to ddiv.o(x$fpl$ddiv) for __aeabi_ddiv
    mpu6050.o(.text.MPU6050_Process_Gyro) refers to d2f.o(x$fpl$d2f) for __aeabi_d2f
    mpu6050.o(.ARM.exidx.text.MPU6050_Process_Gyro) refers to mpu6050.o(.text.MPU6050_Process_Gyro) for [Anonymous Symbol]
[...]
    i.pow                                    0x000038a4   Section        0  pow.o(i.pow)
    i.sqrt                                   0x00004290   Section        0  sqrt.o(i.sqrt)
    locale$$code                             0x000042dc   Section       44  lc_numeric_c.o(locale$$code)
    locale$$code                             0x00004308   Section       44  lc_ctype_c.o(locale$$code)
    x$fpl$d2f                                0x00004334   Section       98  d2f.o(x$fpl$d2f)
    x$fpl$dadd                               0x00004398   Section      336  daddsub_clz.o(x$fpl$dadd)
    _dadd1                                   0x000043a9   Thumb Code     0  daddsub_clz.o(x$fpl$dadd)
    x$fpl$dcheck1                            0x000044e8   Section       16  dcheck1.o(x$fpl$dcheck1)
    x$fpl$dcmpinf                            0x000044f8   Section       24  dcmpi.o(x$fpl$dcmpinf)
    x$fpl$ddiv                               0x00004510   Section      692  ddiv.o(x$fpl$ddiv)
    ddiv_entry                               0x00004517   Thumb Code     0  ddiv.o(x$fpl$ddiv)
    x$fpl$dflt                               0x000047c4   Section       46  dflt_clz.o(x$fpl$dflt)
    x$fpl$dleqf                              0x000047f4   Section      120  dleqf.o(x$fpl$dleqf)
    x$fpl$dmul                               0x0000486c   Section      340  dmul.o(x$fpl$dmul)
    x$fpl$dnaninf                            0x000049c0   Section      156  dnaninf.o(x$fpl$dnaninf)
    x$fpl$dretinf                            0x00004a5c   Section       12  dretinf.o(x$fpl$dretinf)
    x$fpl$drleqf                             0x00004a68   Section      108  drleqf.o(x$fpl$drleqf)
    x$fpl$drsb                               0x00004ad4   Section       22  daddsub_clz.o(x$fpl$drsb)
    x$fpl$dsqrt                              0x00004aec   Section      408  dsqrt_umaal.o(x$fpl$dsqrt)
    x$fpl$dsub                               0x00004c84   Section      476  daddsub_clz.o(x$fpl$dsub)
    _dsub1                                   0x00004c95   Thumb Code     0  daddsub_clz.o(x$fpl$dsub)
    x$fpl$f2d                                0x00004e60   Section       86  f2d.o(x$fpl$f2d)
    x$fpl$fadd                               0x00004eb8   Section      196  faddsub_clz.o(x$fpl$fadd)
    _fadd1                                   0x00004ec7   Thumb Code     0  faddsub_clz.o(x$fpl$fadd)
    x$fpl$fcmp                               0x00004f7c   Section       84  fcmp.o(x$fpl$fcmp)
    x$fpl$fcmpinf                            0x00004fd0   Section       24  fcmpi.o(x$fpl$fcmpinf)
    _fdiv1                                   0x00004fe9   Thumb Code     0  fdiv.o(x$fpl$fdiv)
    x$fpl$fdiv                               0x00004fe8   Section      388  fdiv.o(x$fpl$fdiv)
    x$fpl$feqf                               0x0000516c   Section      104  feqf.o(x$fpl$feqf)
    x$fpl$fflt                               0x000051d4   Section       48  fflt_clz.o(x$fpl$fflt)
    x$fpl$ffltu                              0x00005204   Section       38  fflt_clz.o(x$fpl$ffltu)
    x$fpl$fgeqf                              0x0000522c   Section      104  fgeqf.o(x$fpl$fgeqf)
    x$fpl$fleqf                              0x00005294   Section      104  fleqf.o(x$fpl$fleqf)
    x$fpl$fnaninf                            0x000052fc   Section      140  fnaninf.o(x$fpl$fnaninf)
    x$fpl$fretinf                            0x00005388   Section       10  fretinf.o(x$fpl$fretinf)
    x$fpl$fsub                               0x00005394   Section      234  faddsub_clz.o(x$fpl$fsub)
    _fsub1                                   0x000053a3   Thumb Code     0  faddsub_clz.o(x$fpl$fsub)
    x$fpl$printf1                            0x0000547e   Section        4  printf1.o(x$fpl$printf1)
    x$fpl$printf2                            0x00005482   Section        4  printf2.o(x$fpl$printf2)
    x$fpl$retnan                             0x00005486   Section      100  retnan.o(x$fpl$retnan)
    x$fpl$scalbn                             0x000054ea   Section       92  scalbn.o(x$fpl$scalbn)
    x$fpl$trapveneer                         0x00005546   Section       48  trapv.o(x$fpl$trapveneer)
    x$fpl$usenofp                            0x00005576   Section        0  usenofp.o(x$fpl$usenofp)
    atanhi                                   0x00005578   Data          32  atan.o(.constdata)
    .constdata                               0x00005578   Section      152  atan.o(.constdata)
    atanlo                                   0x00005598   Data          32  atan.o(.constdata)
    aTodd                                    0x000055b8   Data          40  atan.o(.constdata)
    aTeven                                   0x000055e0   Data          48  atan.o(.constdata)
    bp                                       0x00005610   Data          16  pow.o(.constdata)
    .constdata                               0x00005610   Section      136  pow.o(.constdata)
    dp_h                                     0x00005620   Data          16  pow.o(.constdata)
    dp_l                                     0x00005630   Data          16  pow.o(.constdata)
    L                                        0x00005640   Data          48  pow.o(.constdata)
    P                                        0x00005670   Data          40  pow.o(.constdata)
    initial_mbstate                          0x00005698   Data           8  _printf_wctomb.o(.constdata)
    .constdata                               0x00005698   Section        8  _printf_wctomb.o(.constdata)
    uc_hextab                                0x000056a0   Data          20  _printf_hex_int_ll_ptr.o(.constdata)
    .constdata                               0x000056a0   Section       40  _printf_hex_int_ll_ptr.o(.constdata)
    lc_hextab                                0x000056b4   Data          20  _printf_hex_int_ll_ptr.o(.constdata)
    maptable                                 0x000056c8   Data          17  __printf_flags_ss_wp.o(.constdata)
    .constdata                               0x000056c8   Section       17  __printf_flags_ss_wp.o(.constdata)
    .constdata                               0x000056e0   Section        8  qnan.o(.constdata)
    lc_hextab                                0x000056e8   Data          19  _printf_fp_hex.o(.constdata)
    .constdata                               0x000056e8   Section       38  _printf_fp_hex.o(.constdata)
    uc_hextab                                0x000056fb   Data          19  _printf_fp_hex.o(.constdata)
    tenpwrs_x                                0x00005710   Data          60  bigflt0.o(.constdata)
    .constdata                               0x00005710   Section      148  bigflt0.o(.constdata)
    tenpwrs_i                                0x0000574c   Data          64  bigflt0.o(.constdata)
    .L.str.5                                 0x000057a4   Data          17  moduletest.o(.rodata.str1.1)
    [Anonymous Symbol]                       0x000057a4   Section        0  moduletest.o(.rodata.str1.1)
    .L.str.4                                 0x000057b5   Data          16  moduletest.o(.rodata.str1.1)
    .L.str.8                                 0x000057c5   Data          28  moduletest.o(.rodata.str1.1)
    .L.str.12                                0x000057e1   Data          29  moduletest.o(.rodata.str1.1)
    .L.str.11                                0x000057fe   Data          30  moduletest.o(.rodata.str1.1)
    .L.str.10                                0x0000581c   Data          29  moduletest.o(.rodata.str1.1)
    .L.str.9                                 0x00005839   Data          30  moduletest.o(.rodata.str1.1)
    .L.str.3                                 0x00005857   Data          22  moduletest.o(.rodata.str1.1)
    .L.str.1                                 0x0000586d   Data          24  moduletest.o(.rodata.str1.1)
    .L.str                                   0x00005885   Data           9  moduletest.o(.rodata.str1.1)
    .L.str.7                                 0x0000588e   Data          43  moduletest.o(.rodata.str1.1)
    .L.str.15                                0x000058b9   Data           4  moduletest.o(.rodata.str1.1)
    .L.str.2                                 0x000058bd   Data           5  moduletest.o(.rodata.str1.1)
    .L.str.13                                0x000058c2   Data           8  moduletest.o(.rodata.str1.1)
    .L.str.6                                 0x000058ca   Data          18  moduletest.o(.rodata.str1.1)
    .L.str.16                                0x000058dc   Data          12  moduletest.o(.rodata.str1.1)
    .L.str.17                                0x000058e8   Data           9  moduletest.o(.rodata.str1.1)
    .L.str.14                                0x000058f1   Data           5  moduletest.o(.rodata.str1.1)
    locale$$data                             0x00005918   Section       28  lc_numeric_c.o(locale$$data)
    __lcnum_c_name                           0x0000591c   Data           2  lc_numeric_c.o(locale$$data)
    __lcnum_c_start                          0x00005924   Data           0  lc_numeric_c.o(locale$$data)
    __lcnum_c_point                          0x00005930   Data           0  lc_numeric_c.o(locale$$data)
    __lcnum_c_thousands                      0x00005932   Data           0  lc_numeric_c.o(locale$$data)
    __lcnum_c_grouping                       0x00005933   Data           0  lc_numeric_c.o(locale$$data)
    __lcnum_c_end                            0x00005934   Data           0  lc_numeric_c.o(locale$$data)
    locale$$data                             0x00005934   Section      272  lc_ctype_c.o(locale$$data)
    __lcctype_c_name                         0x00005938   Data           2  lc_ctype_c.o(locale$$data)
    __lcctype_c_start                        0x00005940   Data           0  lc_ctype_c.o(locale$$data)
    __lcctype_c_end                          0x00005a44   Data           0  lc_ctype_c.o(locale$$data)
    .bss                                     0x20000008   Section       96  libspace.o(.bss)
    angleBuf                                 0x200000b4   Data          16  moduletest.o(.bss.angleBuf)
    [Anonymous Symbol]                       0x200000b4   Section        0  moduletest.o(.bss.angleBuf)
    colorBuf                                 0x200000c4   Data          16  moduletest.o(.bss.colorBuf)
    [Anonymous Symbol]                       0x200000c4   Section        0  moduletest.o(.bss.colorBuf)
    colorString                              0x200000d4   Data           6  moduletest.o(.bss.colorString)
    [Anonymous Symbol]                       0x200000d4   Section        0  moduletest.o(.bss.colorString)
    printBuf                                 0x200000da   Data         100  moduletest.o(.bss.printBuf)
    [Anonymous Symbol]                       0x200000da   Section        0  moduletest.o(.bss.printBuf)
    HeapMem                                  0x20000140   Data           0  startup.o(HEAP)
    StackMem                                 0x20000140   Data           0  startup.o(STACK)
    HEAP                                     0x20000140   Section        0  startup.o(HEAP)
    STACK                                    0x20000140   Section     1024  startup.o(STACK)

    Global Symbols

    Symbol Name                              Value     Ov Type        Size  Object(Section)

    BuildAttributes$$THM_ISAv4$E$P$D$K$B$S$7EM$PE$A:L22UL41UL21$X:L11$S22US41US21$IEEE1$IW$~IW$USESV6$~STKCKD$USESV7$~SHL$OTIME$ROPI$IEEEX$EBA8$UX$STANDARDLIB$REQ8$PRES8$EABIv2 0x00000000   Number         0  anon$$obj.o ABSOLUTE
    __Vectors                                0x00000000   Data           0  startup.o(RESET)
    __fp_init_empty                          0x00000000   Number         0  fpinit_empty.o ABSOLUTE
    _printf_flags                            0x00000000   Number         0  printf_stubs.o ABSOLUTE
    _printf_return_value                     0x00000000   Number         0  printf_stubs.o ABSOLUTE
    _printf_sizespec                         0x00000000   Number         0  printf_stubs.o ABSOLUTE
    _printf_widthprec                        0x00000000   Number         0  printf_stubs.o ABSOLUTE
    __ARM_exceptions_init                     - Undefined Weak Reference
    __alloca_initialize                       - Undefined Weak Reference
    __arm_preinit_                            - Undefined Weak Reference
    __arm_relocate_pie_                       - Undefined Weak Reference
    __cpp_initialize__aeabi_                  - Undefined Weak Reference
    __cxa_finalize                            - Undefined Weak Reference
    __sigvec_lookup                           - Undefined Weak Reference
    _atexit_init                              - Undefined Weak Reference
    _call_atexit_fns                          - Undefined Weak Reference
    _clock_init                               - Undefined Weak Reference
    _fp_trap_init                             - Undefined Weak Reference
    _fp_trap_shutdown                         - Undefined Weak Reference
    _get_lc_collate                           - Undefined Weak Reference
    _get_lc_monetary                          - Undefined Weak Reference
    _get_lc_time                              - Undefined Weak Reference
    _getenv_init                              - Undefined Weak Reference
    _handle_redirection                       - Undefined Weak Reference
    _init_alloc                               - Undefined Weak Reference
    _init_user_alloc                          - Undefined Weak Reference
    _initio                                   - Undefined Weak Reference
    _printf_mbtowc                            - Undefined Weak Reference
    _printf_wc                                - Undefined Weak Reference
    _rand_init                                - Undefined Weak Reference
    _signal_finish                            - Undefined Weak Reference
    _signal_init                              - Undefined Weak Reference
    _terminate_alloc                          - Undefined Weak Reference
    _terminate_user_alloc                     - Undefined Weak Reference
    _terminateio                              - Undefined Weak Reference
    Reset_Handler                            0x0000026d   Thumb Code     0  startup.o(RESET)
    NMI_Handler                              0x00000271   Thumb Code     2  startup.o(RESET)
    HardFault_Handler                        0x00000273   Thumb Code     2  startup.o(RESET)
    MemManage_Handler                        0x00000275   Thumb Code     2  startup.o(RESET)
    BusFault_Handler                         0x00000277   Thumb Code     2  startup.o(RESET)
    UsageFault_Handler                       0x00000279   Thumb Code     2  startup.o(RESET)
    SVC_Handler                              0x0000027b   Thumb Code     2  startup.o(RESET)
    DebugMon_Handler                         0x0000027d   Thumb Code     2  startup.o(RESET)
    PendSV_Handler                           0x0000027f   Thumb Code     2  startup.o(RESET)
    SysTick_Handler                          0x00000281   Thumb Code     2  startup.o(RESET)
    ADC0Seq0_Handler                         0x00000283   Thumb Code     0  startup.o(RESET)
    ADC0Seq1_Handler                         0x00000283   Thumb Code     0  startup.o(RESET)
    ADC0Seq2_Handler                         0x00000283   Thumb Code     0  startup.o(RESET)
    ADC0Seq3_Handler                         0x00000283   Thumb Code     0  startup.o(RESET)
    ADC1Seq0_Handler                         0x00000283   Thumb Code     0  startup.o(RESET)
    ADC1Seq1_Handler                         0x00000283   Thumb Code     0  startup.o(RESET)
    ADC1Seq2_Handler                         0x00000283   Thumb Code     0  startup.o(RESET)
    ADC1Seq3_Handler                         0x00000283   Thumb Code     0  startup.o(RESET)
    CAN0_Handler                             0x00000283   Thumb Code     0  startup.o(RESET)
    CAN1_Handler                             0x00000283   Thumb Code     0  startup.o(RESET)
    CAN2_Handler                             0x00000283   Thumb Code     0  startup.o(RESET)
    Comp0_Handler                            0x00000283   Thumb Code     0  startup.o(RESET)
    Comp1_Handler                            0x00000283   Thumb Code     0  startup.o(RESET)
    Comp2_Handler                            0x00000283   Thumb Code     0  startup.o(RESET)
    Ethernet_Handler                         0x00000283   Thumb Code     0  startup.o(RESET)
    ExtBus_Handler                           0x00000283   Thumb Code     0  startup.o(RESET)
    FPU_Handler                              0x00000283   Thumb Code     0  startup.o(RESET)
    Fan0_Handler                             0x00000283   Thumb Code     0  startup.o(RESET)
    FlashCtl_Handler                         0x00000283   Thumb Code     0  startup.o(RESET)
    GPIOPortA_Handler                        0x00000283   Thumb Code     0  startup.o(RESET)
    GPIOPortB_Handler                        0x00000283   Thumb Code     0  startup.o(RESET)
    GPIOPortC_Handler                        0x00000283   Thumb Code     0  startup.o(RESET)
    GPIOPortD_Handler                        0x00000283   Thumb Code     0  startup.o(RESET)
    GPIOPortE_Handler                        0x00000283   Thumb Code     0  startup.o(RESET)
    GPIOPortG_Handler                        0x00000283   Thumb Code     0  startup.o(RESET)
    GPIOPortH_Handler                        0x00000283   Thumb Code     0  startup.o(RESET)
    GPIOPortJ_Handler                        0x00000283   Thumb Code     0  startup.o(RESET)
    GPIOPortK_Handler                        0x00000283   Thumb Code     0  startup.o(RESET)
    GPIOPortL_Handler                        0x00000283   Thumb Code     0  startup.o(RESET)
    GPIOPortM_Handler                        0x00000283   Thumb Code     0  startup.o(RESET)
    GPIOPortN_Handler                        0x00000283   Thumb Code     0  startup.o(RESET)
    GPIOPortP1_Handler                       0x00000283   Thumb Code     0  startup.o(RESET)
    GPIOPortP2_Handler                       0x00000283   Thumb Code     0  startup.o(RESET)
    GPIOPortP3_Handler                       0x00000283   Thumb Code     0  startup.o(RESET)
    GPIOPortP4_Handler                       0x00000283   Thumb Code     0  startup.o(RESET)
    GPIOPortP5_Handler                       0x00000283   Thumb Code     0  startup.o(RESET)
    GPIOPortP6_Handler                       0x00000283   Thumb Code     0  startup.o(RESET)
    GPIOPortP7_Handler                       0x00000283   Thumb Code     0  startup.o(RESET)
    GPIOPortP_Handler                        0x00000283   Thumb Code     0  startup.o(RESET)
    GPIOPortQ1_Handler                       0x00000283   Thumb Code     0  startup.o(RESET)
    GPIOPortQ2_Handler                       0x00000283   Thumb Code     0  startup.o(RESET)
    GPIOPortQ3_Handler                       0x00000283   Thumb Code     0  startup.o(RESET)
    GPIOPortQ4_Handler                       0x00000283   Thumb Code     0  startup.o(RESET)
    GPIOPortQ5_Handler                       0x00000283   Thumb Code     0  startup.o(RESET)
    GPIOPortQ6_Handler                       0x00000283   Thumb Code     0  startup.o(RESET)
    GPIOPortQ7_Handler                       0x00000283   Thumb Code     0  startup.o(RESET)
    GPIOPortQ_Handler                        0x00000283   Thumb Code     0  startup.o(RESET)
    GPIOPortR_Handler                        0x00000283   Thumb Code     0  startup.o(RESET)
    GPIOPortS_Handler                        0x00000283   Thumb Code     0  startup.o(RESET)
    Hibernate_Handler                        0x00000283   Thumb Code     0  startup.o(RESET)
    I2C0_Handler                             0x00000283   Thumb Code     0  startup.o(RESET)
    I2C1_Handler                             0x00000283   Thumb Code     0  startup.o(RESET)
    I2C2_Handler                             0x00000283   Thumb Code     0  startup.o(RESET)
    I2C3_Handler                             0x00000283   Thumb Code     0  startup.o(RESET)
    I2C4_Handler                             0x00000283   Thumb Code     0  startup.o(RESET)
    I2C5_Handler                             0x00000283   Thumb Code     0  startup.o(RESET)
    I2S0_Handler                             0x00000283   Thumb Code     0  startup.o(RESET)
    LPC0_Handler                             0x00000283   Thumb Code     0  startup.o(RESET)
    PECI0_Handler                            0x00000283   Thumb Code     0  startup.o(RESET)
    PWM0Fault_Handler                        0x00000283   Thumb Code     0  startup.o(RESET)
    PWM0Generator0_Handler                   0x00000283   Thumb Code     0  startup.o(RESET)
    PWM0Generator1_Handler                   0x00000283   Thumb Code     0  startup.o(RESET)
    PWM0Generator2_Handler                   0x00000283   Thumb Code     0  startup.o(RESET)
    PWM0Generator3_Handler                   0x00000283   Thumb Code     0  startup.o(RESET)
    PWM1Fault_Handler                        0x00000283   Thumb Code     0  startup.o(RESET)
    PWM1Generator0_Handler                   0x00000283   Thumb Code     0  startup.o(RESET)
    PWM1Generator1_Handler                   0x00000283   Thumb Code     0  startup.o(RESET)
    PWM1Generator2_Handler                   0x00000283   Thumb Code     0  startup.o(RESET)
    PWM1Generator3_Handler                   0x00000283   Thumb Code     0  startup.o(RESET)
    Quadrature0_Handler                      0x00000283   Thumb Code     0  startup.o(RESET)
    Quadrature1_Handler                      0x00000283   Thumb Code     0  startup.o(RESET)
    Quadrature2_Handler                      0x00000283   Thumb Code     0  startup.o(RESET)
    SSI0_Handler                             0x00000283   Thumb Code     0  startup.o(RESET)
    SSI1_Handler                             0x00000283   Thumb Code     0  startup.o(RESET)
    SSI2_Handler                             0x00000283   Thumb Code     0  startup.o(RESET)
    SSI3_Handler                             0x00000283   Thumb Code     0  startup.o(RESET)
    SysCtl_Handler                           0x00000283   Thumb Code     0  startup.o(RESET)
    Timer0A_Handler                          0x00000283   Thumb Code     0  startup.o(RESET)
    Timer0B_Handler                          0x00000283   Thumb Code     0  startup.o(RESET)
    Timer1A_Handler                          0x00000283   Thumb Code     0  startup.o(RESET)
    Timer1B_Handler                          0x00000283   Thumb Code     0  startup.o(RESET)
    Timer2A_Handler                          0x00000283   Thumb Code     0  startup.o(RESET)
    Timer2B_Handler                          0x00000283   Thumb Code     0  startup.o(RESET)
    Timer3A_Handler                          0x00000283   Thumb Code     0  startup.o(RESET)
    Timer3B_Handler                          0x00000283   Thumb Code     0  startup.o(RESET)
    Timer4A_Handler                          0x00000283   Thumb Code     0  startup.o(RESET)
    Timer4B_Handler                          0x00000283   Thumb Code     0  startup.o(RESET)
    Timer5A_Handler                          0x00000283   Thumb Code     0  startup.o(RESET)
    Timer5B_Handler                          0x00000283   Thumb Code     0  startup.o(RESET)
    UART0_Handler                            0x00000283   Thumb Code     0  startup.o(RESET)
    UART1_Handler                            0x00000283   Thumb Code     0  startup.o(RESET)
    UART2_Handler                            0x00000283   Thumb Code     0  startup.o(RESET)
    UART3_Handler                            0x00000283   Thumb Code     0  startup.o(RESET)
    UART4_Handler                            0x00000283   Thumb Code     0  startup.o(RESET)
    UART5_Handler                            0x00000283   Thumb Code     0  startup.o(RESET)
    UART6_Handler                            0x00000283   Thumb Code     0  startup.o(RESET)
    UART7_Handler                            0x00000283   Thumb Code     0  startup.o(RESET)
    USB0_Handler                             0x00000283   Thumb Code     0  startup.o(RESET)
    WDT_Handler                              0x00000283   Thumb Code     0  startup.o(RESET)
    WideTimer0A_Handler                      0x00000283   Thumb Code     0  startup.o(RESET)
    WideTimer0B_Handler                      0x00000283   Thumb Code     0  startup.o(RESET)
    WideTimer1A_Handler                      0x00000283   Thumb Code     0  startup.o(RESET)
    WideTimer1B_Handler                      0x00000283   Thumb Code     0  startup.o(RESET)
    WideTimer2A_Handler                      0x00000283   Thumb Code     0  startup.o(RESET)
    WideTimer2B_Handler                      0x00000283   Thumb Code     0  startup.o(RESET)
    WideTimer3A_Handler                      0x00000283   Thumb Code     0  startup.o(RESET)
    WideTimer3B_Handler                      0x00000283   Thumb Code     0  startup.o(RESET)
    WideTimer4A_Handler                      0x00000283   Thumb Code     0  startup.o(RESET)
    WideTimer4B_Handler                      0x00000283   Thumb Code     0  startup.o(RESET)
    WideTimer5A_Handler                      0x00000283   Thumb Code     0  startup.o(RESET)
    WideTimer5B_Handler                      0x00000283   Thumb Code     0  startup.o(RESET)
    uDMA_Error                               0x00000283   Thumb Code     0  startup.o(RESET)
    uDMA_Handler                             0x00000283   Thumb Code     0  startup.o(RESET)
    __main                                   0x00000285   Thumb Code     8  __main.o(!!!main)
    __scatterload                            0x0000028d   Thumb Code     0  __scatter.o(!!!scatter)
    __scatterload_rt2                        0x0000028d   Thumb Code    84  __scatter.o(!!!scatter)
    __scatterload_rt2_thumb_only             0x0000028d   Thumb Code     0  __scatter.o(!!!scatter)
    __scatterload_loop                       0x00000297   Thumb Code     0  __scatter.o(!!!scatter)
    __scatterload_copy                       0x000002e9   Thumb Code    26  __scatter_copy.o(!!handler_copy)
    __scatterload_null                       0x00000305   Thumb Code     2  __scatter.o(!!handler_null)
    __scatterload_zeroinit                   0x00000309   Thumb Code    28  __scatter_zi.o(!!handler_zi)
    _printf_n                                0x00000325   Thumb Code     0  _printf_n.o(.ARM.Collect$$_printf_percent$$00000001)
    _printf_percent                          0x00000325   Thumb Code     0  _printf_percent.o(.ARM.Collect$$_printf_percent$$00000000)
    _printf_p                                0x0000032b   Thumb Code     0  _printf_p.o(.ARM.Collect$$_printf_percent$$00000002)
    _printf_f                                0x00000331   Thumb Code     0  _printf_f.o(.ARM.Collect$$_printf_percent$$00000003)
    _printf_e                                0x00000337   Thumb Code     0  _printf_e.o(.ARM.Collect$$_printf_percent$$00000004)
    _printf_g                                0x0000033d   Thumb Code     0  _printf_g.o(.ARM.Collect$$_printf_percent$$00000005)
    _printf_a                                0x00000343   Thumb Code     0  _printf_a.o(.ARM.Collect$$_printf_percent$$00000006)
    _printf_ll                               0x00000349   Thumb Code     0  _printf_ll.o(.ARM.Collect$$_printf_percent$$00000007)
    _printf_i                                0x00000353   Thumb Code     0  _printf_i.o(.ARM.Collect$$_printf_percent$$00000008)
    _printf_d                                0x00000359   Thumb Code     0  _printf_d.o(.ARM.Collect$$_printf_percent$$00000009)
    _printf_u                                0x0000035f   Thumb Code     0  _printf_u.o(.ARM.Collect$$_printf_percent$$0000000A)
    _printf_o                                0x00000365   Thumb Code     0  _printf_o.o(.ARM.Collect$$_printf_percent$$0000000B)
    _printf_x                                0x0000036b   Thumb Code     0  _printf_x.o(.ARM.Collect$$_printf_percent$$0000000C)
    _printf_lli                              0x00000371   Thumb Code     0  _printf_lli.o(.ARM.Collect$$_printf_percent$$0000000D)
    _printf_lld                              0x00000377   Thumb Code     0  _printf_lld.o(.ARM.Collect$$_printf_percent$$0000000E)
    _printf_llu                              0x0000037d   Thumb Code     0  _printf_llu.o(.ARM.Collect$$_printf_percent$$0000000F)
    _printf_llo                              0x00000383   Thumb Code     0  _printf_llo.o(.ARM.Collect$$_printf_percent$$00000010)
    _printf_llx                              0x00000389   Thumb Code     0  _printf_llx.o(.ARM.Collect$$_printf_percent$$00000011)
    _printf_l                                0x0000038f   Thumb Code     0  _printf_l.o(.ARM.Collect$$_printf_percent$$00000012)
    _printf_c                                0x00000399   Thumb Code     0  _printf_c.o(.ARM.Collect$$_printf_percent$$00000013)
    _printf_s                                0x0000039f   Thumb Code     0  _printf_s.o(.ARM.Collect$$_printf_percent$$00000014)
    _printf_lc                               0x000003a5   Thumb Code     0  _printf_lc.o(.ARM.Collect$$_printf_percent$$00000015)
    _printf_ls                               0x000003ab   Thumb Code     0  _printf_ls.o(.ARM.Collect$$_printf_percent$$00000016)
    _printf_percent_end                      0x000003b1   Thumb Code     0  _printf_percent_end.o(.ARM.Collect$$_printf_percent$$00000017)
    __rt_lib_init                            0x000003b5   Thumb Code     0  libinit.o(.ARM.Collect$$libinit$$00000000)
    __rt_lib_init_fp_1                       0x000003b7   Thumb Code     0  libinit2.o(.ARM.Collect$$libinit$$00000002)
    __rt_lib_init_heap_1                     0x000003b7   Thumb Code     0  libinit2.o(.ARM.Collect$$libinit$$0000000C)
    __rt_lib_init_lc_common                  0x000003b7   Thumb Code     0  libinit2.o(.ARM.Collect$$libinit$$00000011)
    __rt_lib_init_preinit_1                  0x000003b7   Thumb Code     0  libinit2.o(.ARM.Collect$$libinit$$00000006)
    __rt_lib_init_rand_1                     0x000003b7   Thumb Code     0  libinit2.o(.ARM.Collect$$libinit$$00000010)
    __rt_lib_init_relocate_pie_1             0x000003b7   Thumb Code     0  libinit2.o(.ARM.Collect$$libinit$$00000004)
    __rt_lib_init_user_alloc_1               0x000003b7   Thumb Code     0  libinit2.o(.ARM.Collect$$libinit$$0000000E)
    __rt_lib_init_lc_collate_1               0x000003bd   Thumb Code     0  libinit2.o(.ARM.Collect$$libinit$$00000013)
    __rt_lib_init_lc_ctype_2                 0x000003bd   Thumb Code     0  libinit2.o(.ARM.Collect$$libinit$$00000014)
    __rt_lib_init_lc_ctype_1                 0x000003c9   Thumb Code     0  libinit2.o(.ARM.Collect$$libinit$$00000015)
    __rt_lib_init_lc_monetary_1              0x000003c9   Thumb Code     0  libinit2.o(.ARM.Collect$$libinit$$00000017)
    __rt_lib_init_lc_numeric_2               0x000003c9   Thumb Code     0  libinit2.o(.ARM.Collect$$libinit$$00000018)
    __rt_lib_init_alloca_1                   0x000003d3   Thumb Code     0  libinit2.o(.ARM.Collect$$libinit$$00000030)
    __rt_lib_init_argv_1                     0x000003d3   Thumb Code     0  libinit2.o(.ARM.Collect$$libinit$$0000002E)
    __rt_lib_init_atexit_1                   0x000003d3   Thumb Code     0  libinit2.o(.ARM.Collect$$libinit$$0000001D)
    __rt_lib_init_clock_1                    0x000003d3   Thumb Code     0  libinit2.o(.ARM.Collect$$libinit$$00000023)
    __rt_lib_init_cpp_1                      0x000003d3   Thumb Code     0  libinit2.o(.ARM.Collect$$libinit$$00000034)
    __rt_lib_init_exceptions_1               0x000003d3   Thumb Code     0  libinit2.o(.ARM.Collect$$libinit$$00000032)
    __rt_lib_init_fp_trap_1                  0x000003d3   Thumb Code     0  libinit2.o(.ARM.Collect$$libinit$$00000021)
    __rt_lib_init_getenv_1                   0x000003d3   Thumb Code     0  libinit2.o(.ARM.Collect$$libinit$$00000025)
    __rt_lib_init_lc_numeric_1               0x000003d3   Thumb Code     0  libinit2.o(.ARM.Collect$$libinit$$00000019)
    __rt_lib_init_lc_time_1                  0x000003d3   Thumb Code     0  libinit2.o(.ARM.Collect$$libinit$$0000001B)
    __rt_lib_init_return                     0x000003d3   Thumb Code     0  libinit2.o(.ARM.Collect$$libinit$$00000035)
    __rt_lib_init_signal_1                   0x000003d3   Thumb Code     0  libinit2.o(.ARM.Collect$$libinit$$0000001F)
    __rt_lib_init_stdio_1                    0x000003d3   Thumb Code     0  libinit2.o(.ARM.Collect$$libinit$$00000027)
    __rt_lib_shutdown                        0x000003d5   Thumb Code     0  libshutdown.o(.ARM.Collect$$libshutdown$$00000000)
    __rt_lib_shutdown_cpp_1                  0x000003d7   Thumb Code     0  libshutdown2.o(.ARM.Collect$$libshutdown$$00000002)
    __rt_lib_shutdown_fp_trap_1              0x000003d7   Thumb Code     0  libshutdown2.o(.ARM.Collect$$libshutdown$$00000007)
    __rt_lib_shutdown_heap_1                 0x000003d7   Thumb Code     0  libshutdown2.o(.ARM.Collect$$libshutdown$$0000000F)
    __rt_lib_shutdown_return                 0x000003d7   Thumb Code     0  libshutdown2.o(.ARM.Collect$$libshutdown$$00000010)
    __rt_lib_shutdown_signal_1               0x000003d7   Thumb Code     0  libshutdown2.o(.ARM.Collect$$libshutdown$$0000000A)
    __rt_lib_shutdown_stdio_1                0x000003d7   Thumb Code     0  libshutdown2.o(.ARM.Collect$$libshutdown$$00000004)
    __rt_lib_shutdown_user_alloc_1           0x000003d7   Thumb Code     0  libshutdown2.o(.ARM.Collect$$libshutdown$$0000000C)
    __rt_entry                               0x000003d9   Thumb Code     0  __rtentry.o(.ARM.Collect$$rtentry$$00000000)
    __rt_entry_presh_1                       0x000003d9   Thumb Code     0  __rtentry2.o(.ARM.Collect$$rtentry$$00000002)
    __rt_entry_sh                            0x000003d9   Thumb Code     0  __rtentry4.o(.ARM.Collect$$rtentry$$00000004)
    __rt_entry_li                            0x000003df   Thumb Code     0  __rtentry2.o(.ARM.Collect$$rtentry$$0000000A)
    __rt_entry_postsh_1                      0x000003df   Thumb Code     0  __rtentry2.o(.ARM.Collect$$rtentry$$00000009)
    __rt_entry_main                          0x000003e3   Thumb Code     0  __rtentry2.o(.ARM.Collect$$rtentry$$0000000D)
    __rt_entry_postli_1                      0x000003e3   Thumb Code     0  __rtentry2.o(.ARM.Collect$$rtentry$$0000000C)
    __rt_exit                                0x000003eb   Thumb Code     0  rtexit.o(.ARM.Collect$$rtexit$$00000000)
    __rt_exit_ls                             0x000003ed   Thumb Code     0  rtexit2.o(.ARM.Collect$$rtexit$$00000003)
    __rt_exit_prels_1                        0x000003ed   Thumb Code     0  rtexit2.o(.ARM.Collect$$rtexit$$00000002)
    __rt_exit_exit                           0x000003f1   Thumb Code     0  rtexit2.o(.ARM.Collect$$rtexit$$00000004)
    DisableInterrupts                        0x000003f9   Thumb Code     0  startup.o(.text)
    EnableInterrupts                         0x000003fd   Thumb Code     0  startup.o(.text)
    StartCritical                            0x00000401   Thumb Code     0  startup.o(.text)
    EndCritical                              0x00000409   Thumb Code     0  startup.o(.text)
    WaitForInterrupt                         0x0000040f   Thumb Code     0  startup.o(.text)
    __user_initial_stackheap                 0x00000413   Thumb Code     0  startup.o(.text)
    sprintf                                  0x00000429   Thumb Code    38  sprintf.o(.text)
    strcpy                                   0x00000455   Thumb Code    72  strcpy.o(.text)
    __use_two_region_memory                  0x0000049d   Thumb Code     2  heapauxi.o(.text)
    __rt_heap_escrow$2region                 0x0000049f   Thumb Code     2  heapauxi.o(.text)
    __rt_heap_expand$2region                 0x000004a1   Thumb Code     2  heapauxi.o(.text)
    __read_errno                             0x000004a3   Thumb Code    10  _rserrno.o(.text)
    __set_errno                              0x000004ad   Thumb Code    12  _rserrno.o(.text)
    _printf_pre_padding                      0x000004b9   Thumb Code    44  _printf_pad.o(.text)
    _printf_post_padding                     0x000004e5   Thumb Code    34  _printf_pad.o(.text)
    _printf_truncate_signed                  0x00000507   Thumb Code    18  _printf_truncate.o(.text)
    _printf_truncate_unsigned                0x00000519   Thumb Code    18  _printf_truncate.o(.text)
    _printf_str                              0x0000052b   Thumb Code    82  _printf_str.o(.text)
    _printf_int_dec                          0x0000057d   Thumb Code   104  _printf_dec.o(.text)
    _printf_charcount                        0x000005f5   Thumb Code    40  _printf_charcount.o(.text)
    _printf_char_common                      0x00000627   Thumb Code    32  _printf_char_common.o(.text)
    _sputc                                   0x0000064d   Thumb Code    10  _sputc.o(.text)
    _printf_wctomb                           0x00000659   Thumb Code   182  _printf_wctomb.o(.text)
    _printf_longlong_dec                     0x00000715   Thumb Code   108  _printf_longlong_dec.o(.text)
    _printf_longlong_oct                     0x00000791   Thumb Code    68  _printf_oct_int_ll.o(.text)
    _printf_int_oct                          0x000007d5   Thumb Code    24  _printf_oct_int_ll.o(.text)
    _printf_ll_oct                           0x000007ed   Thumb Code    12  _printf_oct_int_ll.o(.text)
    _printf_longlong_hex                     0x00000801   Thumb Code    86  _printf_hex_int_ll_ptr.o(.text)
    _printf_int_hex                          0x00000857   Thumb Code    28  _printf_hex_int_ll_ptr.o(.text)
    _printf_ll_hex                           0x00000873   Thumb Code    12  _printf_hex_int_ll_ptr.o(.text)
    _printf_hex_ptr                          0x0000087f   Thumb Code    18  _printf_hex_int_ll_ptr.o(.text)
    __printf                                 0x00000895   Thumb Code   388  __printf_flags_ss_wp.o(.text)
    __aeabi_errno_addr                       0x00000a1d   Thumb Code     8  rt_errno_addr_intlibspace.o(.text)
    __errno$intlibspace                      0x00000a1d   Thumb Code     0  rt_errno_addr_intlibspace.o(.text)
    __rt_errno_addr$intlibspace              0x00000a1d   Thumb Code     0  rt_errno_addr_intlibspace.o(.text)
    _ll_udiv10                               0x00000a25   Thumb Code   138  lludiv10.o(.text)
    _printf_int_common                       0x00000aaf   Thumb Code   178  _printf_intcommon.o(.text)
    _printf_fp_dec_real                      0x00000d11   Thumb Code   620  _printf_fp_dec.o(.text)
    _printf_fp_hex_real                      0x00000f7d   Thumb Code   756  _printf_fp_hex.o(.text)
    _printf_cs_common                        0x00001279   Thumb Code    20  _printf_char.o(.text)
    _printf_char                             0x0000128d   Thumb Code    16  _printf_char.o(.text)
    _printf_string                           0x0000129d   Thumb Code     8  _printf_char.o(.text)
    _printf_lcs_common                       0x000012a5   Thumb Code    20  _printf_wchar.o(.text)
    _printf_wchar                            0x000012b9   Thumb Code    16  _printf_wchar.o(.text)
    _printf_wstring                          0x000012c9   Thumb Code     8  _printf_wchar.o(.text)
    _c16rtomb                                0x000012d1   Thumb Code    72  _c16rtomb.o(.text)
    _wcrtomb                                 0x000012d1   Thumb Code     0  _c16rtomb.o(.text)
    __user_libspace                          0x00001319   Thumb Code     8  libspace.o(.text)
    __user_perproc_libspace                  0x00001319   Thumb Code     0  libspace.o(.text)
    __user_perthread_libspace                0x00001319   Thumb Code     0  libspace.o(.text)
    __user_setup_stackheap                   0x00001321   Thumb Code    74  sys_stackheap_outer.o(.text)
    __rt_ctype_table                         0x0000136d   Thumb Code    16  rt_ctype_table.o(.text)
    __rt_locale                              0x0000137d   Thumb Code     8  rt_locale_intlibspace.o(.text)
    _printf_fp_infnan                        0x00001385   Thumb Code   112  _printf_fp_infnan.o(.text)
    _btod_etento                             0x00001405   Thumb Code   224  bigflt0.o(.text)
    exit                                     0x000014e9   Thumb Code    18  exit.o(.text)
    strcmp                                   0x00001501   Thumb Code   124  strcmpv7em.o(.text)
    _sys_exit                                0x0000157d   Thumb Code     8  sys_exit.o(.text)
    __I$use$semihosting                      0x00001589   Thumb Code     0  use_no_semi.o(.text)
    __use_no_semihosting_swi                 0x00001589   Thumb Code     2  use_no_semi.o(.text)
    __semihosting_library_function           0x0000158b   Thumb Code     0  indicate_semi.o(.text)
    BTN_Init                                 0x0000158d   Thumb Code   282  buttonled.o(.text.BTN_Init)
    DELAY_1MS                                0x000016a9   Thumb Code    72  util.o(.text.DELAY_1MS)
    Detect_Color                             0x000016f1   Thumb Code   134  tcs34727.o(.text.Detect_Color)
    Drive_Servo                              0x00001779   Thumb Code    82  servo.o(.text.Drive_Servo)
    GPIOPortF_Handler                        0x000017cd   Thumb Code    80  moduletest.o(.text.GPIOPortF_Handler)
    I2C0_Burst_Transmit                      0x0000181d   Thumb Code   288  i2c.o(.text.I2C0_Burst_Transmit)
    I2C0_Init                                0x0000193d   Thumb Code   188  i2c.o(.text.I2C0_Init)
    I2C0_Receive                             0x000019f9   Thumb Code   184  i2c.o(.text.I2C0_Receive)
    I2C0_Transmit                            0x00001ab1   Thumb Code   204  i2c.o(.text.I2C0_Transmit)
    LCD_Clear                                0x00001b7d   Thumb Code    22  lcd.o(.text.LCD_Clear)
    LCD_Init                                 0x00001b95   Thumb Code   132  lcd.o(.text.LCD_Init)
    LCD_Print_Str                            0x00001c19   Thumb Code    40  lcd.o(.text.LCD_Print_Str)
    LCD_Set_Cursor                           0x00001d01   Thumb Code    92  lcd.o(.text.LCD_Set_Cursor)
    LED_Init                                 0x00001d5d   Thumb Code   156  buttonled.o(.text.LED_Init)
    MPU6050_Get_Accel                        0x00001df9   Thumb Code   142  mpu6050.o(.text.MPU6050_Get_Accel)
    MPU6050_Get_Angle                        0x00001e89   Thumb Code   580  mpu6050.o(.text.MPU6050_Get_Angle)
    MPU6050_Get_Gyro                         0x000020cd   Thumb Code   142  mpu6050.o(.text.MPU6050_Get_Gyro)
    MPU6050_Process_Accel                    0x0000215d   Thumb Code   516  mpu6050.o(.text.MPU6050_Process_Accel)
    MPU6050_Process_Gyro                     0x00002361   Thumb Code   528  mpu6050.o(.text.MPU6050_Process_Gyro)
    Module_Test                              0x00002571   Thumb Code    88  moduletest.o(.text.Module_Test)
    TCS34727_GET_RAW_BLUE                    0x000025c9   Thumb Code    62  tcs34727.o(.text.TCS34727_GET_RAW_BLUE)
    TCS34727_GET_RAW_CLEAR                   0x00002609   Thumb Code    62  tcs34727.o(.text.TCS34727_GET_RAW_CLEAR)
    TCS34727_GET_RAW_GREEN                   0x00002649   Thumb Code    62  tcs34727.o(.text.TCS34727_GET_RAW_GREEN)
    TCS34727_GET_RAW_RED                     0x00002689   Thumb Code    62  tcs34727.o(.text.TCS34727_GET_RAW_RED)
    TCS34727_GET_RGB                         0x000026c9   Thumb Code   138  tcs34727.o(.text.TCS34727_GET_RGB)
    UART0_Init                               0x00002be1   Thumb Code   156  uart0.o(.text.UART0_Init)
    UART0_OutChar                            0x00002c7d   Thumb Code    46  uart0.o(.text.UART0_OutChar)
    UART0_OutString                          0x00002cad   Thumb Code    38  uart0.o(.text.UART0_OutString)
    WTIMER0_Init                             0x00002cd5   Thumb Code    80  util.o(.text.WTIMER0_Init)
    main                                     0x00002d25   Thumb Code    42  i2cmain.o(.text.main)
    map                                      0x00002d51   Thumb Code   124  util.o(.text.map)
    _btod_d2e                                0x00002dcd   Thumb Code    62  btod.o(CL$$btod_d2e)
    _d2e_denorm_low                          0x00002e0b   Thumb Code    70  btod.o(CL$$btod_d2e_denorm_low)
    _d2e_norm_op1                            0x00002e51   Thumb Code    96  btod.o(CL$$btod_d2e_norm_op1)
    __btod_div_common                        0x00002eb1   Thumb Code   696  btod.o(CL$$btod_div_common)
    _e2e                                     0x000031e9   Thumb Code   220  btod.o(CL$$btod_e2e)
    _btod_ediv                               0x000032c5   Thumb Code    42  btod.o(CL$$btod_ediv)
    _btod_emul                               0x000032ef   Thumb Code    42  btod.o(CL$$btod_emul)
    __btod_mult_common                       0x00003319   Thumb Code   580  btod.o(CL$$btod_mult_common)
    __ARM_fpclassify                         0x0000355d   Thumb Code    40  fpclassify.o(i.__ARM_fpclassify)
    __kernel_poly                            0x00003585   Thumb Code   170  poly.o(i.__kernel_poly)
    __mathlib_dbl_divzero                    0x00003631   Thumb Code    12  dunder.o(i.__mathlib_dbl_divzero)
    __mathlib_dbl_infnan                     0x00003641   Thumb Code     6  dunder.o(i.__mathlib_dbl_infnan)
    __mathlib_dbl_infnan2                    0x00003647   Thumb Code     4  dunder.o(i.__mathlib_dbl_infnan2)
    __mathlib_dbl_invalid                    0x0000364b   Thumb Code    12  dunder.o(i.__mathlib_dbl_invalid)
    __mathlib_dbl_overflow                   0x00003657   Thumb Code    14  dunder.o(i.__mathlib_dbl_overflow)
    __mathlib_dbl_underflow                  0x00003665   Thumb Code    10  dunder.o(i.__mathlib_dbl_underflow)
    _is_digit                                0x00003675   Thumb Code    14  __printf_wp.o(i._is_digit)
    atan                                     0x00003685   Thumb Code   474  atan.o(i.atan)
    pow                                      0x000038a5   Thumb Code  2532  pow.o(i.pow)
    sqrt                                     0x00004291   Thumb Code    76  sqrt.o(i.sqrt)
    _get_lc_numeric                          0x000042dd   Thumb Code    44  lc_numeric_c.o(locale$$code)
    _get_lc_ctype                            0x00004309   Thumb Code    44  lc_ctype_c.o(locale$$code)
    __aeabi_d2f                              0x00004335   Thumb Code     0  d2f.o(x$fpl$d2f)
    _d2f                                     0x00004335   Thumb Code    98  d2f.o(x$fpl$d2f)
    __aeabi_dadd                             0x00004399   Thumb Code     0  daddsub_clz.o(x$fpl$dadd)
    _dadd                                    0x00004399   Thumb Code   332  daddsub_clz.o(x$fpl$dadd)
    __fpl_dcheck_NaN1                        0x000044e9   Thumb Code    10  dcheck1.o(x$fpl$dcheck1)
    __fpl_dcmp_Inf                           0x000044f9   Thumb Code    24  dcmpi.o(x$fpl$dcmpinf)
    __aeabi_ddiv                             0x00004511   Thumb Code     0  ddiv.o(x$fpl$ddiv)
    _ddiv                                    0x00004511   Thumb Code   556  ddiv.o(x$fpl$ddiv)
    __aeabi_i2d                              0x000047c5   Thumb Code     0  dflt_clz.o(x$fpl$dflt)
    _dflt                                    0x000047c5   Thumb Code    46  dflt_clz.o(x$fpl$dflt)
    __aeabi_cdcmple                          0x000047f5   Thumb Code     0  dleqf.o(x$fpl$dleqf)
    _dcmple                                  0x000047f5   Thumb Code   120  dleqf.o(x$fpl$dleqf)
    __fpl_dcmple_InfNaN                      0x00004857   Thumb Code     0  dleqf.o(x$fpl$dleqf)
    __aeabi_dmul                             0x0000486d   Thumb Code     0  dmul.o(x$fpl$dmul)
    _dmul                                    0x0000486d   Thumb Code   332  dmul.o(x$fpl$dmul)
    __fpl_dnaninf                            0x000049c1   Thumb Code   156  dnaninf.o(x$fpl$dnaninf)
    __fpl_dretinf                            0x00004a5d   Thumb Code    12  dretinf.o(x$fpl$dretinf)
    __aeabi_cdrcmple                         0x00004a69   Thumb Code     0  drleqf.o(x$fpl$drleqf)
    _drcmple                                 0x00004a69   Thumb Code   108  drleqf.o(x$fpl$drleqf)
    __aeabi_drsub                            0x00004ad5   Thumb Code     0  daddsub_clz.o(x$fpl$drsb)
    _drsb                                    0x00004ad5   Thumb Code    22  daddsub_clz.o(x$fpl$drsb)
    _dsqrt                                   0x00004aed   Thumb Code   404  dsqrt_umaal.o(x$fpl$dsqrt)
    __aeabi_dsub                             0x00004c85   Thumb Code     0  daddsub_clz.o(x$fpl$dsub)
    _dsub                                    0x00004c85   Thumb Code   472  daddsub_clz.o(x$fpl$dsub)
    __aeabi_f2d                              0x00004e61   Thumb Code     0  f2d.o(x$fpl$f2d)
    _f2d                                     0x00004e61   Thumb Code    86  f2d.o(x$fpl$f2d)
    __aeabi_fadd                             0x00004eb9   Thumb Code     0  faddsub_clz.o(x$fpl$fadd)
    _fadd                                    0x00004eb9   Thumb Code   196  faddsub_clz.o(x$fpl$fadd)
    __aeabi_fcmpeq                           0x00004f7d   Thumb Code     0  fcmp.o(x$fpl$fcmp)
    _feq                                     0x00004f7d   Thumb Code    14  fcmp.o(x$fpl$fcmp)
    _fneq                                    0x00004f8b   Thumb Code    14  fcmp.o(x$fpl$fcmp)
    __aeabi_fcmpgt                           0x00004f99   Thumb Code     0  fcmp.o(x$fpl$fcmp)
    _fgr                                     0x00004f99   Thumb Code    14  fcmp.o(x$fpl$fcmp)
    __aeabi_fcmpge                           0x00004fa7   Thumb Code     0  fcmp.o(x$fpl$fcmp)
    _fgeq                                    0x00004fa7   Thumb Code    14  fcmp.o(x$fpl$fcmp)
    __aeabi_fcmple                           0x00004fb5   Thumb Code     0  fcmp.o(x$fpl$fcmp)
    _fleq                                    0x00004fb5   Thumb Code    14  fcmp.o(x$fpl$fcmp)
    __aeabi_fcmplt                           0x00004fc3   Thumb Code     0  fcmp.o(x$fpl$fcmp)
    _fls                                     0x00004fc3   Thumb Code    14  fcmp.o(x$fpl$fcmp)
    __fpl_fcmp_Inf                           0x00004fd1   Thumb Code    24  fcmpi.o(x$fpl$fcmpinf)
    __aeabi_fdiv                             0x00004fe9   Thumb Code     0  fdiv.o(x$fpl$fdiv)
    _fdiv                                    0x00004fe9   Thumb Code   384  fdiv.o(x$fpl$fdiv)
    __aeabi_cfcmpeq                          0x0000516d   Thumb Code     0  feqf.o(x$fpl$feqf)
    _fcmpeq                                  0x0000516d   Thumb Code   104  feqf.o(x$fpl$feqf)
    __aeabi_i2f                              0x000051d5   Thumb Code     0  fflt_clz.o(x$fpl$fflt)
    _fflt                                    0x000051d5   Thumb Code    48  fflt_clz.o(x$fpl$fflt)
    __aeabi_ui2f                             0x00005205   Thumb Code     0  fflt_clz.o(x$fpl$ffltu)
    _ffltu                                   0x00005205   Thumb Code    38  fflt_clz.o(x$fpl$ffltu)
    _fcmpge                                  0x0000522d   Thumb Code   104  fgeqf.o(x$fpl$fgeqf)
    __aeabi_cfcmple                          0x00005295   Thumb Code     0  fleqf.o(x$fpl$fleqf)
    _fcmple                                  0x00005295   Thumb Code   104  fleqf.o(x$fpl$fleqf)
    __fpl_fcmple_InfNaN                      0x000052e7   Thumb Code     0  fleqf.o(x$fpl$fleqf)
    __fpl_fnaninf                            0x000052fd   Thumb Code   140  fnaninf.o(x$fpl$fnaninf)
    __fpl_fretinf                            0x00005389   Thumb Code    10  fretinf.o(x$fpl$fretinf)
    __aeabi_fsub                             0x00005395   Thumb Code     0  faddsub_clz.o(x$fpl$fsub)
    _fsub                                    0x00005395   Thumb Code   234  faddsub_clz.o(x$fpl$fsub)
    _printf_fp_dec                           0x0000547f   Thumb Code     4  printf1.o(x$fpl$printf1)
    _printf_fp_hex                           0x00005483   Thumb Code     4  printf2.o(x$fpl$printf2)
    __fpl_return_NaN                         0x00005487   Thumb Code   100  retnan.o(x$fpl$retnan)
    __ARM_scalbn                             0x000054eb   Thumb Code    92  scalbn.o(x$fpl$scalbn)
    __fpl_cmpreturn                          0x00005547   Thumb Code    48  trapv.o(x$fpl$trapveneer)
    __I$use$fp                               0x00005576   Number         0  usenofp.o(x$fpl$usenofp)
    __mathlib_zero                           0x000056e0   Data           8  qnan.o(.constdata)
    Region$$Table$$Base                      0x000058f8   Number         0  anon$$obj.o(Region$$Table)
    Region$$Table$$Limit                     0x00005918   Number         0  anon$$obj.o(Region$$Table)
    __ctype                                  0x00005941   Data           0  lc_ctype_c.o(locale$$data)
    Color                                    0x20000000   Data           3  moduletest.o(.data.Color)
    __libspace_start                         0x20000008   Data          96  libspace.o(.bss)
    Accel_Instance                           0x20000068   Data          20  moduletest.o(.bss.Accel_Instance)
    __temporary_stack_top$libspace           0x20000068   Data           0  libspace.o(.bss)
    Angle_Instance                           0x2000007c   Data          12  moduletest.o(.bss.Angle_Instance)
    Color_Idx                                0x20000088   Data           1  moduletest.o(.bss.Color_Idx)
    Gyro_Instance                            0x2000008c   Data          20  moduletest.o(.bss.Gyro_Instance)
    RGB_COLOR                                0x200000a0   Data          20  moduletest.o(.bss.RGB_COLOR)



==============================================================================

Memory Map of the image

  Image Entry point : 0x0000026d

  Load Region LR_1 (Base: 0x00000000, Size: 0x00005a48, Max: 0xffffffff, ABSOLUTE)

    Execution Region ER_RO (Exec base: 0x00000000, Load base: 0x00000000, Size: 0x00005a44, Max: 0xffffffff, ABSOLUTE)

    Exec Addr    Load Addr    Size         Type   Attr      Idx    E Section Name        Object

    0x00000000   0x00000000   0x00000284   Code   RO            3  * RESET               startup.o
    0x00000284   0x00000284   0x00000008   Code   RO          206  * !!!main             c_w.l(__main.o)
    0x0000028c   0x0000028c   0x0000005c   Code   RO          653    !!!scatter          c_w.l(__scatter.o)
    0x000002e8   0x000002e8   0x0000001a   Code   RO          657    !!handler_copy      c_w.l(__scatter_copy.o)
    0x00000302   0x00000302   0x00000002   PAD
    0x00000304   0x00000304   0x00000002   Code   RO          654    !!handler_null      c_w.l(__scatter.o)
    0x00000306   0x00000306   0x00000002   PAD
    0x00000308   0x00000308   0x0000001c   Code   RO          659    !!handler_zi        c_w.l(__scatter_zi.o)
    0x00000324   0x00000324   0x00000000   Code   RO          340    .ARM.Collect$$_printf_percent$$00000000  c_w.l(_printf_percent.o)
    0x00000324   0x00000324   0x00000006   Code   RO          329    .ARM.Collect$$_printf_percent$$00000001  c_w.l(_printf_n.o)
    0x0000032a   0x0000032a   0x00000006   Code   RO          331    .ARM.Collect$$_printf_percent$$00000002  c_w.l(_printf_p.o)
    0x00000330   0x00000330   0x00000006   Code   RO          336    .ARM.Collect$$_printf_percent$$00000003  c_w.l(_printf_f.o)
    0x00000336   0x00000336   0x00000006   Code   RO          337    .ARM.Collect$$_printf_percent$$00000004  c_w.l(_printf_e.o)
    0x0000033c   0x0000033c   0x00000006   Code   RO          338    .ARM.Collect$$_printf_percent$$00000005  c_w.l(_printf_g.o)
    0x00000342   0x00000342   0x00000006   Code   RO          339    .ARM.Collect$$_printf_percent$$00000006  c_w.l(_printf_a.o)
    0x00000348   0x00000348   0x0000000a   Code   RO          344    .ARM.Collect$$_printf_percent$$00000007  c_w.l(_printf_ll.o)
    0x00000352   0x00000352   0x00000006   Code   RO          333    .ARM.Collect$$_printf_percent$$00000008  c_w.l(_printf_i.o)
    0x00000358   0x00000358   0x00000006   Code   RO          334    .ARM.Collect$$_printf_percent$$00000009  c_w.l(_printf_d.o)
    0x0000035e   0x0000035e   0x00000006   Code   RO          335    .ARM.Collect$$_printf_percent$$0000000A  c_w.l(_printf_u.o)
    0x00000364   0x00000364   0x00000006   Code   RO          332    .ARM.Collect$$_printf_percent$$0000000B  c_w.l(_printf_o.o)
    0x0000036a   0x0000036a   0x00000006   Code   RO          330    .ARM.Collect$$_printf_percent$$0000000C  c_w.l(_printf_x.o)
    0x00000370   0x00000370   0x00000006   Code   RO          341    .ARM.Collect$$_printf_percent$$0000000D  c_w.l(_printf_lli.o)
    0x00000376   0x00000376   0x00000006   Code   RO          342    .ARM.Collect$$_printf_percent$$0000000E  c_w.l(_printf_lld.o)
    0x0000037c   0x0000037c   0x00000006   Code   RO          343    .ARM.Collect$$_printf_percent$$0000000F  c_w.l(_printf_llu.o)
    0x00000382   0x00000382   0x00000006   Code   RO          348    .ARM.Collect$$_printf_percent$$00000010  c_w.l(_printf_llo.o)
    0x00000388   0x00000388   0x00000006   Code   RO          349    .ARM.Collect$$_printf_percent$$00000011  c_w.l(_printf_llx.o)
    0x0000038e   0x0000038e   0x0000000a   Code   RO          345    .ARM.Collect$$_printf_percent$$00000012  c_w.l(_printf_l.o)
    0x00000398   0x00000398   0x00000006   Code   RO          327    .ARM.Collect$$_printf_percent$$00000013  c_w.l(_printf_c.o)
    0x0000039e   0x0000039e   0x00000006   Code   RO          328    .ARM.Collect$$_printf_percent$$00000014  c_w.l(_printf_s.o)
    0x000003a4   0x000003a4   0x00000006   Code   RO          346    .ARM.Collect$$_printf_percent$$00000015  c_w.l(_printf_lc.o)
    0x000003aa   0x000003aa   0x00000006   Code   RO          347    .ARM.Collect$$_printf_percent$$00000016  c_w.l(_printf_ls.o)
    0x000003b0   0x000003b0   0x00000004   Code   RO          441    .ARM.Collect$$_printf_percent$$00000017  c_w.l(_printf_percent_end.o)
    0x000003b4   0x000003b4   0x00000002   Code   RO          501    .ARM.Collect$$libinit$$00000000  c_w.l(libinit.o)
    0x000003b6   0x000003b6   0x00000000   Code   RO          518    .ARM.Collect$$libinit$$00000002  c_w.l(libinit2.o)
    0x000003b6   0x000003b6   0x00000000   Code   RO          520    .ARM.Collect$$libinit$$00000004  c_w.l(libinit2.o)
    0x000003b6   0x000003b6   0x00000000   Code   RO          522    .ARM.Collect$$libinit$$00000006  c_w.l(libinit2.o)
    0x000003b6   0x000003b6   0x00000000   Code   RO          525    .ARM.Collect$$libinit$$0000000C  c_w.l(libinit2.o)
    0x000003b6   0x000003b6   0x00000000   Code   RO          527    .ARM.Collect$$libinit$$0000000E  c_w.l(libinit2.o)
    0x000003b6   0x000003b6   0x00000000   Code   RO          529    .ARM.Collect$$libinit$$00000010  c_w.l(libinit2.o)
    0x000003b6   0x000003b6   0x00000006   Code   RO          530    .ARM.Collect$$libinit$$00000011  c_w.l(libinit2.o)
    0x000003bc   0x000003bc   0x00000000   Code   RO          532    .ARM.Collect$$libinit$$00000013  c_w.l(libinit2.o)
    0x000003bc   0x000003bc   0x0000000c   Code   RO          533    .ARM.Collect$$libinit$$00000014  c_w.l(libinit2.o)
    0x000003c8   0x000003c8   0x00000000   Code   RO          534    .ARM.Collect$$libinit$$00000015  c_w.l(libinit2.o)
    0x000003c8   0x000003c8   0x00000000   Code   RO          536    .ARM.Collect$$libinit$$00000017  c_w.l(libinit2.o)
    0x000003c8   0x000003c8   0x0000000a   Code   RO          537    .ARM.Collect$$libinit$$00000018  c_w.l(libinit2.o)
    0x000003d2   0x000003d2   0x00000000   Code   RO          538    .ARM.Collect$$libinit$$00000019  c_w.l(libinit2.o)
    0x000003d2   0x000003d2   0x00000000   Code   RO          540    .ARM.Collect$$libinit$$0000001B  c_w.l(libinit2.o)
    0x000003d2   0x000003d2   0x00000000   Code   RO          542    .ARM.Collect$$libinit$$0000001D  c_w.l(libinit2.o)
    0x000003d2   0x000003d2   0x00000000   Code   RO          544    .ARM.Collect$$libinit$$0000001F  c_w.l(libinit2.o)
    0x000003d2   0x000003d2   0x00000000   Code   RO          546    .ARM.Collect$$libinit$$00000021  c_w.l(libinit2.o)
    0x000003d2   0x000003d2   0x00000000   Code   RO          548    .ARM.Collect$$libinit$$00000023  c_w.l(libinit2.o)
    0x000003d2   0x000003d2   0x00000000   Code   RO          550    .ARM.Collect$$libinit$$00000025  c_w.l(libinit2.o)
    0x000003d2   0x000003d2   0x00000000   Code   RO          552    .ARM.Collect$$libinit$$00000027  c_w.l(libinit2.o)
    0x000003d2   0x000003d2   0x00000000   Code   RO          556    .ARM.Collect$$libinit$$0000002E  c_w.l(libinit2.o)
    0x000003d2   0x000003d2   0x00000000   Code   RO          558    .ARM.Collect$$libinit$$00000030  c_w.l(libinit2.o)
    0x000003d2   0x000003d2   0x00000000   Code   RO          560    .ARM.Collect$$libinit$$00000032  c_w.l(libinit2.o)
    0x000003d2   0x000003d2   0x00000000   Code   RO          562    .ARM.Collect$$libinit$$00000034  c_w.l(libinit2.o)
    0x000003d2   0x000003d2   0x00000002   Code   RO          563    .ARM.Collect$$libinit$$00000035  c_w.l(libinit2.o)
    0x000003d4   0x000003d4   0x00000002   Code   RO          589    .ARM.Collect$$libshutdown$$00000000  c_w.l(libshutdown.o)
    0x000003d6   0x000003d6   0x00000000   Code   RO          604    .ARM.Collect$$libshutdown$$00000002  c_w.l(libshutdown2.o)
    0x000003d6   0x000003d6   0x00000000   Code   RO          606    .ARM.Collect$$libshutdown$$00000004  c_w.l(libshutdown2.o)
    0x000003d6   0x000003d6   0x00000000   Code   RO          609    .ARM.Collect$$libshutdown$$00000007  c_w.l(libshutdown2.o)
    0x000003d6   0x000003d6   0x00000000   Code   RO          612    .ARM.Collect$$libshutdown$$0000000A  c_w.l(libshutdown2.o)
    0x000003d6   0x000003d6   0x00000000   Code   RO          614    .ARM.Collect$$libshutdown$$0000000C  c_w.l(libshutdown2.o)
    0x000003d6   0x000003d6   0x00000000   Code   RO          617    .ARM.Collect$$libshutdown$$0000000F  c_w.l(libshutdown2.o)
    0x000003d6   0x000003d6   0x00000002   Code   RO          618    .ARM.Collect$$libshutdown$$00000010  c_w.l(libshutdown2.o)
    0x000003d8   0x000003d8   0x00000000   Code   RO          256    .ARM.Collect$$rtentry$$00000000  c_w.l(__rtentry.o)
    0x000003d8   0x000003d8   0x00000000   Code   RO          405    .ARM.Collect$$rtentry$$00000002  c_w.l(__rtentry2.o)
    0x000003d8   0x000003d8   0x00000006   Code   RO          417    .ARM.Collect$$rtentry$$00000004  c_w.l(__rtentry4.o)
    0x000003de   0x000003de   0x00000000   Code   RO          407    .ARM.Collect$$rtentry$$00000009  c_w.l(__rtentry2.o)
    0x000003de   0x000003de   0x00000004   Code   RO          408    .ARM.Collect$$rtentry$$0000000A  c_w.l(__rtentry2.o)
    0x000003e2   0x000003e2   0x00000000   Code   RO          410    .ARM.Collect$$rtentry$$0000000C  c_w.l(__rtentry2.o)
    0x000003e2   0x000003e2   0x00000008   Code   RO          411    .ARM.Collect$$rtentry$$0000000D  c_w.l(__rtentry2.o)
    0x000003ea   0x000003ea   0x00000002   Code   RO          508    .ARM.Collect$$rtexit$$00000000  c_w.l(rtexit.o)
    0x000003ec   0x000003ec   0x00000000   Code   RO          567    .ARM.Collect$$rtexit$$00000002  c_w.l(rtexit2.o)
    0x000003ec   0x000003ec   0x00000004   Code   RO          568    .ARM.Collect$$rtexit$$00000003  c_w.l(rtexit2.o)
    0x000003f0   0x000003f0   0x00000006   Code   RO          569    .ARM.Collect$$rtexit$$00000004  c_w.l(rtexit2.o)
    0x000003f6   0x000003f6   0x00000002   PAD
    0x000003f8   0x000003f8   0x00000030   Code   RO            4    .text               startup.o
    0x00000428   0x00000428   0x0000002c   Code   RO          200    .text               c_w.l(sprintf.o)
    0x00000454   0x00000454   0x00000048   Code   RO          202    .text               c_w.l(strcpy.o)
    0x0000049c   0x0000049c   0x00000006   Code   RO          204    .text               c_w.l(heapauxi.o)
    0x000004a2   0x000004a2   0x00000016   Code   RO          257    .text               c_w.l(_rserrno.o)
    0x000004b8   0x000004b8   0x0000004e   Code   RO          261    .text               c_w.l(_printf_pad.o)
    0x00000506   0x00000506   0x00000024   Code   RO          263    .text               c_w.l(_printf_truncate.o)
    0x0000052a   0x0000052a   0x00000052   Code   RO          265    .text               c_w.l(_printf_str.o)
    0x0000057c   0x0000057c   0x00000078   Code   RO          267    .text               c_w.l(_printf_dec.o)
    0x000005f4   0x000005f4   0x00000028   Code   RO          269    .text               c_w.l(_printf_charcount.o)
    0x0000061c   0x0000061c   0x00000030   Code   RO          271    .text               c_w.l(_printf_char_common.o)
    0x0000064c   0x0000064c   0x0000000a   Code   RO          273    .text               c_w.l(_sputc.o)
    0x00000656   0x00000656   0x00000002   PAD
    0x00000658   0x00000658   0x000000bc   Code   RO          275    .text               c_w.l(_printf_wctomb.o)
    0x00000714   0x00000714   0x0000007c   Code   RO          278    .text               c_w.l(_printf_longlong_dec.o)
    0x00000790   0x00000790   0x00000070   Code   RO          284    .text               c_w.l(_printf_oct_int_ll.o)
    0x00000800   0x00000800   0x00000094   Code   RO          304    .text               c_w.l(_printf_hex_int_ll_ptr.o)
    0x00000894   0x00000894   0x00000188   Code   RO          324    .text               c_w.l(__printf_flags_ss_wp.o)
    0x00000a1c   0x00000a1c   0x00000008   Code   RO          422    .text               c_w.l(rt_errno_addr_intlibspace.o)
    0x00000a24   0x00000a24   0x0000008a   Code   RO          424    .text               c_w.l(lludiv10.o)
    0x00000aae   0x00000aae   0x000000b2   Code   RO          426    .text               c_w.l(_printf_intcommon.o)
    0x00000b60   0x00000b60   0x0000041c   Code   RO          428    .text               c_w.l(_printf_fp_dec.o)
    0x00000f7c   0x00000f7c   0x000002fc   Code   RO          432    .text               c_w.l(_printf_fp_hex.o)
    0x00001278   0x00001278   0x0000002c   Code   RO          437    .text               c_w.l(_printf_char.o)
    0x000012a4   0x000012a4   0x0000002c   Code   RO          439    .text               c_w.l(_printf_wchar.o)
    0x000012d0   0x000012d0   0x00000048   Code   RO          442    .text               c_w.l(_c16rtomb.o)
    0x00001318   0x00001318   0x00000008   Code   RO          450    .text               c_w.l(libspace.o)
    0x00001320   0x00001320   0x0000004a   Code   RO          453    .text               c_w.l(sys_stackheap_outer.o)
    0x0000136a   0x0000136a   0x00000002   PAD
    0x0000136c   0x0000136c   0x00000010   Code   RO          455    .text               c_w.l(rt_ctype_table.o)
    0x0000137c   0x0000137c   0x00000008   Code   RO          460    .text               c_w.l(rt_locale_intlibspace.o)
    0x00001384   0x00001384   0x00000080   Code   RO          462    .text               c_w.l(_printf_fp_infnan.o)
    0x00001404   0x00001404   0x000000e4   Code   RO          464    .text               c_w.l(bigflt0.o)
    0x000014e8   0x000014e8   0x00000012   Code   RO          494    .text               c_w.l(exit.o)
    0x000014fa   0x000014fa   0x00000006   PAD
    0x00001500   0x00001500   0x0000007c   Code   RO          515    .text               c_w.l(strcmpv7em.o)
    0x0000157c   0x0000157c   0x0000000c   Code   RO          579    .text               c_w.l(sys_exit.o)
    0x00001588   0x00001588   0x00000002   Code   RO          594    .text               c_w.l(use_no_semi.o)
    0x0000158a   0x0000158a   0x00000000   Code   RO          596    .text               c_w.l(indicate_semi.o)
    0x0000158a   0x0000158a   0x00000002   PAD
    0x0000158c   0x0000158c   0x0000011a   Code   RO           51    .text.BTN_Init      buttonled.o
    0x000016a6   0x000016a6   0x00000002   PAD
    0x000016a8   0x000016a8   0x00000048   Code   RO           62    .text.DELAY_1MS     util.o
    0x000016f0   0x000016f0   0x00000086   Code   RO          180    .text.Detect_Color  tcs34727.o
    0x00001776   0x00001776   0x00000002   PAD
    0x00001778   0x00001778   0x00000052   Code   RO           97    .text.Drive_Servo   servo.o
    0x000017ca   0x000017ca   0x00000002   PAD
    0x000017cc   0x000017cc   0x00000050   Code   RO          129    .text.GPIOPortF_Handler  moduletest.o
    0x0000181c   0x0000181c   0x00000120   Code   RO           21    .text.I2C0_Burst_Transmit  i2c.o
    0x0000193c   0x0000193c   0x000000bc   Code   RO           13    .text.I2C0_Init     i2c.o
    0x000019f8   0x000019f8   0x000000b8   Code   RO           15    .text.I2C0_Receive  i2c.o
    0x00001ab0   0x00001ab0   0x000000cc   Code   RO           17    .text.I2C0_Transmit  i2c.o
    0x00001b7c   0x00001b7c   0x00000016   Code   RO          110    .text.LCD_Clear     lcd.o
    0x00001b92   0x00001b92   0x00000002   PAD
    0x00001b94   0x00001b94   0x00000084   Code   RO          106    .text.LCD_Init      lcd.o
    0x00001c18   0x00001c18   0x00000028   Code   RO          120    .text.LCD_Print_Str  lcd.o
    0x00001c40   0x00001c40   0x00000060   Code   RO          108    .text.LCD_Send_CMD  lcd.o
    0x00001ca0   0x00001ca0   0x00000060   Code   RO          118    .text.LCD_Send_Data  lcd.o
    0x00001d00   0x00001d00   0x0000005c   Code   RO          112    .text.LCD_Set_Cursor  lcd.o
    0x00001d5c   0x00001d5c   0x0000009c   Code   RO           49    .text.LED_Init      buttonled.o
    0x00001df8   0x00001df8   0x0000008e   Code   RO           75    .text.MPU6050_Get_Accel  mpu6050.o
    0x00001e86   0x00001e86   0x00000002   PAD
    0x00001e88   0x00001e88   0x00000244   Code   RO           83    .text.MPU6050_Get_Angle  mpu6050.o
    0x000020cc   0x000020cc   0x0000008e   Code   RO           77    .text.MPU6050_Get_Gyro  mpu6050.o
    0x0000215a   0x0000215a   0x00000002   PAD
    0x0000215c   0x0000215c   0x00000204   Code   RO           79    .text.MPU6050_Process_Accel  mpu6050.o
    0x00002360   0x00002360   0x00000210   Code   RO           81    .text.MPU6050_Process_Gyro  mpu6050.o
    0x00002570   0x00002570   0x00000058   Code   RO          131    .text.Module_Test   moduletest.o
    0x000025c8   0x000025c8   0x0000003e   Code   RO          176    .text.TCS34727_GET_RAW_BLUE  tcs34727.o
    0x00002606   0x00002606   0x00000002   PAD
    0x00002608   0x00002608   0x0000003e   Code   RO          170    .text.TCS34727_GET_RAW_CLEAR  tcs34727.o
    0x00002646   0x00002646   0x00000002   PAD
    0x00002648   0x00002648   0x0000003e   Code   RO          174    .text.TCS34727_GET_RAW_GREEN  tcs34727.o
    0x00002686   0x00002686   0x00000002   PAD
    0x00002688   0x00002688   0x0000003e   Code   RO          172    .text.TCS34727_GET_RAW_RED  tcs34727.o
    0x000026c6   0x000026c6   0x00000002   PAD
    0x000026c8   0x000026c8   0x0000008a   Code   RO          178    .text.TCS34727_GET_RGB  tcs34727.o
    0x00002752   0x00002752   0x00000002   PAD
    0x00002754   0x00002754   0x0000002e   Code   RO          133    .text.Test_Delay    moduletest.o
    0x00002782   0x00002782   0x00000002   PAD
    0x00002784   0x00002784   0x0000006c   Code   RO          147    .text.Test_Full_System  moduletest.o
    0x000027f0   0x000027f0   0x0000002e   Code   RO          135    .text.Test_I2C      moduletest.o
    0x0000281e   0x0000281e   0x00000002   PAD
    0x00002820   0x00002820   0x0000005a   Code   RO          145    .text.Test_LCD      moduletest.o
    0x0000287a   0x0000287a   0x00000002   PAD
    0x0000287c   0x0000287c   0x0000017e   Code   RO          139    .text.Test_MPU6050  moduletest.o
    0x000029fa   0x000029fa   0x00000002   PAD
    0x000029fc   0x000029fc   0x000000c2   Code   RO          143    .text.Test_Servo    moduletest.o
    0x00002abe   0x00002abe   0x00000002   PAD
    0x00002ac0   0x00002ac0   0x000000d2   Code   RO          141    .text.Test_TCS34727  moduletest.o
    0x00002b92   0x00002b92   0x00000002   PAD
    0x00002b94   0x00002b94   0x0000004a   Code   RO          137    .text.Test_UART     moduletest.o
    0x00002bde   0x00002bde   0x00000002   PAD
    0x00002be0   0x00002be0   0x0000009c   Code   RO           30    .text.UART0_Init    uart0.o
    0x00002c7c   0x00002c7c   0x0000002e   Code   RO           34    .text.UART0_OutChar  uart0.o
    0x00002caa   0x00002caa   0x00000002   PAD
    0x00002cac   0x00002cac   0x00000026   Code   RO           38    .text.UART0_OutString  uart0.o
    0x00002cd2   0x00002cd2   0x00000002   PAD
    0x00002cd4   0x00002cd4   0x00000050   Code   RO           60    .text.WTIMER0_Init  util.o
    0x00002d24   0x00002d24   0x0000002a   Code   RO          190    .text.main          i2cmain.o
    0x00002d4e   0x00002d4e   0x00000002   PAD
    0x00002d50   0x00002d50   0x0000007c   Code   RO           64    .text.map           util.o
    0x00002dcc   0x00002dcc   0x0000003e   Code   RO          467    CL$$btod_d2e        c_w.l(btod.o)
    0x00002e0a   0x00002e0a   0x00000046   Code   RO          469    CL$$btod_d2e_denorm_low  c_w.l(btod.o)
    0x00002e50   0x00002e50   0x00000060   Code   RO          468    CL$$btod_d2e_norm_op1  c_w.l(btod.o)
    0x00002eb0   0x00002eb0   0x00000338   Code   RO          477    CL$$btod_div_common  c_w.l(btod.o)
    0x000031e8   0x000031e8   0x000000dc   Code   RO          474    CL$$btod_e2e        c_w.l(btod.o)
    0x000032c4   0x000032c4   0x0000002a   Code   RO          471    CL$$btod_ediv       c_w.l(btod.o)
    0x000032ee   0x000032ee   0x0000002a   Code   RO          470    CL$$btod_emul       c_w.l(btod.o)
    0x00003318   0x00003318   0x00000244   Code   RO          476    CL$$btod_mult_common  c_w.l(btod.o)
    0x0000355c   0x0000355c   0x00000028   Code   RO          399    i.__ARM_fpclassify  m_ws.l(fpclassify.o)
    0x00003584   0x00003584   0x000000aa   Code   RO          401    i.__kernel_poly     m_ws.l(poly.o)
    0x0000362e   0x0000362e   0x00000002   PAD
    0x00003630   0x00003630   0x00000010   Code   RO          385    i.__mathlib_dbl_divzero  m_ws.l(dunder.o)
    0x00003640   0x00003640   0x00000006   Code   RO          386    i.__mathlib_dbl_infnan  m_ws.l(dunder.o)
    0x00003646   0x00003646   0x00000004   Code   RO          387    i.__mathlib_dbl_infnan2  m_ws.l(dunder.o)
    0x0000364a   0x0000364a   0x0000000c   Code   RO          388    i.__mathlib_dbl_invalid  m_ws.l(dunder.o)
    0x00003656   0x00003656   0x0000000e   Code   RO          389    i.__mathlib_dbl_overflow  m_ws.l(dunder.o)
    0x00003664   0x00003664   0x00000010   Code   RO          391    i.__mathlib_dbl_underflow  m_ws.l(dunder.o)
    0x00003674   0x00003674   0x0000000e   Code   RO          317    i._is_digit         c_w.l(__printf_wp.o)
    0x00003682   0x00003682   0x00000002   PAD
    0x00003684   0x00003684   0x00000220   Code   RO          243    i.atan              m_ws.l(atan.o)
    0x000038a4   0x000038a4   0x000009ec   Code   RO          248    i.pow               m_ws.l(pow.o)
    0x00004290   0x00004290   0x0000004c   Code   RO          253    i.sqrt              m_ws.l(sqrt.o)
    0x000042dc   0x000042dc   0x0000002c   Code   RO          492    locale$$code        c_w.l(lc_numeric_c.o)
    0x00004308   0x00004308   0x0000002c   Code   RO          513    locale$$code        c_w.l(lc_ctype_c.o)
    0x00004334   0x00004334   0x00000062   Code   RO          208    x$fpl$d2f           fz_ws.l(d2f.o)
    0x00004396   0x00004396   0x00000002   PAD
    0x00004398   0x00004398   0x00000150   Code   RO          210    x$fpl$dadd          fz_ws.l(daddsub_clz.o)
    0x000044e8   0x000044e8   0x00000010   Code   RO          444    x$fpl$dcheck1       fz_ws.l(dcheck1.o)
    0x000044f8   0x000044f8   0x00000018   Code   RO          502    x$fpl$dcmpinf       fz_ws.l(dcmpi.o)
    0x00004510   0x00004510   0x000002b4   Code   RO          217    x$fpl$ddiv          fz_ws.l(ddiv.o)
    0x000047c4   0x000047c4   0x0000002e   Code   RO          351    x$fpl$dflt          fz_ws.l(dflt_clz.o)
    0x000047f2   0x000047f2   0x00000002   PAD
    0x000047f4   0x000047f4   0x00000078   Code   RO          446    x$fpl$dleqf         fz_ws.l(dleqf.o)
    0x0000486c   0x0000486c   0x00000154   Code   RO          220    x$fpl$dmul          fz_ws.l(dmul.o)
    0x000049c0   0x000049c0   0x0000009c   Code   RO          356    x$fpl$dnaninf       fz_ws.l(dnaninf.o)
    0x00004a5c   0x00004a5c   0x0000000c   Code   RO          358    x$fpl$dretinf       fz_ws.l(dretinf.o)
    0x00004a68   0x00004a68   0x0000006c   Code   RO          360    x$fpl$drleqf        fz_ws.l(drleqf.o)
    0x00004ad4   0x00004ad4   0x00000016   Code   RO          211    x$fpl$drsb          fz_ws.l(daddsub_clz.o)
    0x00004aea   0x00004aea   0x00000002   PAD
    0x00004aec   0x00004aec   0x00000198   Code   RO          362    x$fpl$dsqrt         fz_ws.l(dsqrt_umaal.o)
    0x00004c84   0x00004c84   0x000001dc   Code   RO          212    x$fpl$dsub          fz_ws.l(daddsub_clz.o)
    0x00004e60   0x00004e60   0x00000056   Code   RO          222    x$fpl$f2d           fz_ws.l(f2d.o)
    0x00004eb6   0x00004eb6   0x00000002   PAD
    0x00004eb8   0x00004eb8   0x000000c4   Code   RO          224    x$fpl$fadd          fz_ws.l(faddsub_clz.o)
    0x00004f7c   0x00004f7c   0x00000054   Code   RO          230    x$fpl$fcmp          fz_ws.l(fcmp.o)
    0x00004fd0   0x00004fd0   0x00000018   Code   RO          448    x$fpl$fcmpinf       fz_ws.l(fcmpi.o)
    0x00004fe8   0x00004fe8   0x00000184   Code   RO          233    x$fpl$fdiv          fz_ws.l(fdiv.o)
    0x0000516c   0x0000516c   0x00000068   Code   RO          364    x$fpl$feqf          fz_ws.l(feqf.o)
    0x000051d4   0x000051d4   0x00000030   Code   RO          237    x$fpl$fflt          fz_ws.l(fflt_clz.o)
    0x00005204   0x00005204   0x00000026   Code   RO          236    x$fpl$ffltu         fz_ws.l(fflt_clz.o)
    0x0000522a   0x0000522a   0x00000002   PAD
    0x0000522c   0x0000522c   0x00000068   Code   RO          366    x$fpl$fgeqf         fz_ws.l(fgeqf.o)
    0x00005294   0x00005294   0x00000068   Code   RO          368    x$fpl$fleqf         fz_ws.l(fleqf.o)
    0x000052fc   0x000052fc   0x0000008c   Code   RO          370    x$fpl$fnaninf       fz_ws.l(fnaninf.o)
    0x00005388   0x00005388   0x0000000a   Code   RO          372    x$fpl$fretinf       fz_ws.l(fretinf.o)
    0x00005392   0x00005392   0x00000002   PAD
    0x00005394   0x00005394   0x000000ea   Code   RO          226    x$fpl$fsub          fz_ws.l(faddsub_clz.o)
    0x0000547e   0x0000547e   0x00000004   Code   RO          374    x$fpl$printf1       fz_ws.l(printf1.o)
    0x00005482   0x00005482   0x00000004   Code   RO          376    x$fpl$printf2       fz_ws.l(printf2.o)
    0x00005486   0x00005486   0x00000064   Code   RO          506    x$fpl$retnan        fz_ws.l(retnan.o)
    0x000054ea   0x000054ea   0x0000005c   Code   RO          382    x$fpl$scalbn        fz_ws.l(scalbn.o)
    0x00005546   0x00005546   0x00000030   Code   RO          564    x$fpl$trapveneer    fz_ws.l(trapv.o)
    0x00005576   0x00005576   0x00000000   Code   RO          384    x$fpl$usenofp       fz_ws.l(usenofp.o)
    0x00005576   0x00005576   0x00000002   PAD
    0x00005578   0x00005578   0x00000098   Data   RO          244    .constdata          m_ws.l(atan.o)
    0x00005610   0x00005610   0x00000088   Data   RO          249    .constdata          m_ws.l(pow.o)
    0x00005698   0x00005698   0x00000008   Data   RO          276    .constdata          c_w.l(_printf_wctomb.o)
    0x000056a0   0x000056a0   0x00000028   Data   RO          305    .constdata          c_w.l(_printf_hex_int_ll_ptr.o)
    0x000056c8   0x000056c8   0x00000011   Data   RO          325    .constdata          c_w.l(__printf_flags_ss_wp.o)
    0x000056d9   0x000056d9   0x00000007   PAD
    0x000056e0   0x000056e0   0x00000008   Data   RO          403    .constdata          m_ws.l(qnan.o)
    0x000056e8   0x000056e8   0x00000026   Data   RO          433    .constdata          c_w.l(_printf_fp_hex.o)
    0x0000570e   0x0000570e   0x00000002   PAD
    0x00005710   0x00005710   0x00000094   Data   RO          465    .constdata          c_w.l(bigflt0.o)
    0x000057a4   0x000057a4   0x00000152   Data   RO          157    .rodata.str1.1      moduletest.o
    0x000058f6   0x000058f6   0x00000002   PAD
    0x000058f8   0x000058f8   0x00000020   Data   RO          652    Region$$Table       anon$$obj.o
    0x00005918   0x00005918   0x0000001c   Data   RO          491    locale$$data        c_w.l(lc_numeric_c.o)
    0x00005934   0x00005934   0x00000110   Data   RO          512    locale$$data        c_w.l(lc_ctype_c.o)


    Execution Region ER_RW (Exec base: 0x20000000, Load base: 0x00005a44, Size: 0x00000004, Max: 0xffffffff, ABSOLUTE)

    Exec Addr    Load Addr    Size         Type   Attr      Idx    E Section Name        Object

    0x20000000   0x00005a44   0x00000003   Data   RW          149    .data.Color         moduletest.o


    Execution Region ER_ZI (Exec base: 0x20000008, Load base: 0x00005a48, Size: 0x00000538, Max: 0xffffffff, ABSOLUTE)

    Exec Addr    Load Addr    Size         Type   Attr      Idx    E Section Name        Object

    0x20000008        -       0x00000060   Zero   RW          451    .bss                c_w.l(libspace.o)
    0x20000068        -       0x00000014   Zero   RW          153    .bss.Accel_Instance  moduletest.o
    0x2000007c        -       0x0000000c   Zero   RW          155    .bss.Angle_Instance  moduletest.o
    0x20000088        -       0x00000001   Zero   RW          150    .bss.Color_Idx      moduletest.o
    0x20000089   0x00005a48   0x00000003   PAD
    0x2000008c        -       0x00000014   Zero   RW          154    .bss.Gyro_Instance  moduletest.o
    0x200000a0        -       0x00000014   Zero   RW          152    .bss.RGB_COLOR      moduletest.o
    0x200000b4        -       0x00000010   Zero   RW          159    .bss.angleBuf       moduletest.o
    0x200000c4        -       0x00000010   Zero   RW          160    .bss.colorBuf       moduletest.o
    0x200000d4        -       0x00000006   Zero   RW          158    .bss.colorString    moduletest.o
    0x200000da        -       0x00000064   Zero   RW          156    .bss.printBuf       moduletest.o
    0x2000013e   0x00005a48   0x00000002   PAD
    0x20000140        -       0x00000000   Zero   RW            2    HEAP                startup.o
    0x20000140        -       0x00000400   Zero   RW            1    STACK               startup.o


==============================================================================

Image component sizes


      Code (inc. data)   RO Data    RW Data    ZI Data      Debug   Object Name

       438          0          0          0          0        608   buttonled.o
       864          0          0          0          0       1824   i2c.o
        42          0          0          0          0        610   i2cmain.o
       478          0          0          0          0       1727   lcd.o
      1318         12        338          3        211       3661   moduletest.o
      1908        100          0          0          0       3758   mpu6050.o
        82          0          0          0          0        788   servo.o
       692        632          0          0       1024        972   startup.o
       520          0          0          0          0       2781   tcs34727.o
       240          0          0          0          0       1333   uart0.o
       276          0          0          0          0       1007   util.o

    ----------------------------------------------------------------------
      6900        744        372          4       1240      19069   Object Totals
         0          0         32          0          0          0   (incl. Generated)
        42          0          2          1          5          0   (incl. Padding)

    ----------------------------------------------------------------------

      Code (inc. data)   RO Data    RW Data    ZI Data      Debug   Library Member Name

         8          0          0          0          0         68   __main.o
       392          4         17          0          0         92   __printf_flags_ss_wp.o
        14          0          0          0          0         68   __printf_wp.o
         0          0          0          0          0          0   __rtentry.o
        12          0          0          0          0          0   __rtentry2.o
         6          0          0          0          0          0   __rtentry4.o
        94          8          0          0          0          0   __scatter.o
        26          0          0          0          0          0   __scatter_copy.o
        28          0          0          0          0          0   __scatter_zi.o
        72          0          0          0          0         96   _c16rtomb.o
         6          0          0          0          0          0   _printf_a.o
         6          0          0          0          0          0   _printf_c.o
        44          0          0          0          0        108   _printf_char.o
        48          6          0          0          0         96   _printf_char_common.o
        40          0          0          0          0         68   _printf_charcount.o
         6          0          0          0          0          0   _printf_d.o
       120         16          0          0          0         92   _printf_dec.o
         6          0          0          0          0          0   _printf_e.o
         6          0          0          0          0          0   _printf_f.o
      1052          0          0          0          0        148   _printf_fp_dec.o
       764          8         38          0          0        100   _printf_fp_hex.o
       128         16          0          0          0         84   _printf_fp_infnan.o
         6          0          0          0          0          0   _printf_g.o
       148          4         40          0          0        160   _printf_hex_int_ll_ptr.o
         6          0          0          0          0          0   _printf_i.o
       178          0          0          0          0         88   _printf_intcommon.o
        10          0          0          0          0          0   _printf_l.o
         6          0          0          0          0          0   _printf_lc.o
        10          0          0          0          0          0   _printf_ll.o
         6          0          0          0          0          0   _printf_lld.o
         6          0          0          0          0          0   _printf_lli.o
         6          0          0          0          0          0   _printf_llo.o
         6          0          0          0          0          0   _printf_llu.o
         6          0          0          0          0          0   _printf_llx.o
       124         16          0          0          0         92   _printf_longlong_dec.o
         6          0          0          0          0          0   _printf_ls.o
         6          0          0          0          0          0   _printf_n.o
         6          0          0          0          0          0   _printf_o.o
       112          8          0          0          0        124   _printf_oct_int_ll.o
         6          0          0          0          0          0   _printf_p.o
        78          0          0          0          0        108   _printf_pad.o
         0          0          0          0          0          0   _printf_percent.o
         4          0          0          0          0          0   _printf_percent_end.o
         6          0          0          0          0          0   _printf_s.o
        82          0          0          0          0         80   _printf_str.o
        36          0          0          0          0         84   _printf_truncate.o
         6          0          0          0          0          0   _printf_u.o
        44          0          0          0          0        108   _printf_wchar.o
       188          6          8          0          0         92   _printf_wctomb.o
         6          0          0          0          0          0   _printf_x.o
        22          0          0          0          0        100   _rserrno.o
        10          0          0          0          0         68   _sputc.o
       228          4        148          0          0         96   bigflt0.o
      1936        128          0          0          0        668   btod.o
        18          0          0          0          0         80   exit.o
         6          0          0          0          0        152   heapauxi.o
         0          0          0          0          0          0   indicate_semi.o
        44         10        272          0          0         76   lc_ctype_c.o
        44         10         28          0          0         76   lc_numeric_c.o
         2          0          0          0          0          0   libinit.o
        30          0          0          0          0          0   libinit2.o
         2          0          0          0          0          0   libshutdown.o
         2          0          0          0          0          0   libshutdown2.o
         8          4          0          0         96         68   libspace.o
       138          0          0          0          0         80   lludiv10.o
        16          4          0          0          0         76   rt_ctype_table.o
         8          4          0          0          0         68   rt_errno_addr_intlibspace.o
         8          4          0          0          0         68   rt_locale_intlibspace.o
         2          0          0          0          0          0   rtexit.o
        10          0          0          0          0          0   rtexit2.o
        44          6          0          0          0         84   sprintf.o
       124          0          0          0          0         88   strcmpv7em.o
        72          0          0          0          0         80   strcpy.o
        12          4          0          0          0         68   sys_exit.o
        74          0          0          0          0         80   sys_stackheap_outer.o
         2          0          0          0          0         68   use_no_semi.o
        98          4          0          0          0         92   d2f.o
       834         16          0          0          0        372   daddsub_clz.o
        16          4          0          0          0         68   dcheck1.o
        24          0          0          0          0         68   dcmpi.o
       692        140          0          0          0        216   ddiv.o
        46          0          0          0          0         68   dflt_clz.o
       120          4          0          0          0         92   dleqf.o
       340         12          0          0          0        104   dmul.o
       156          4          0          0          0         92   dnaninf.o
        12          0          0          0          0         68   dretinf.o
       108          0          0          0          0         80   drleqf.o
       408         56          0          0          0        120   dsqrt_umaal.o
        86          4          0          0          0         84   f2d.o
       430          8          0          0          0        168   faddsub_clz.o
        84          0          0          0          0        196   fcmp.o
        24          0          0          0          0         68   fcmpi.o
       388         76          0          0          0         96   fdiv.o
       104          4          0          0          0         84   feqf.o
        86          0          0          0          0        136   fflt_clz.o
       104          4          0          0          0         84   fgeqf.o
       104          4          0          0          0         84   fleqf.o
       140          4          0          0          0         84   fnaninf.o
        10          0          0          0          0         68   fretinf.o
         4          0          0          0          0         68   printf1.o
         4          0          0          0          0         68   printf2.o
       100          0          0          0          0         68   retnan.o
        92          0          0          0          0         68   scalbn.o
        48          0          0          0          0         68   trapv.o
         0          0          0          0          0          0   usenofp.o
       544         70        152          0          0        124   atan.o
        68         10          0          0          0        408   dunder.o
        40          0          0          0          0         68   fpclassify.o
       170          0          0          0          0         96   poly.o
      2540        188        136          0          0        332   pow.o
         0          0          8          0          0          0   qnan.o
        76          0          0          0          0         84   sqrt.o

    ----------------------------------------------------------------------
     14980        882        856          0         96       8144   Library Totals
        36          0          9          0          0          0   (incl. Padding)

    ----------------------------------------------------------------------

      Code (inc. data)   RO Data    RW Data    ZI Data      Debug   Library Name

      6844        270        551          0         96       4100   c_w.l
      4662        344          0          0          0       2932   fz_ws.l
      3438        268        296          0          0       1112   m_ws.l

    ----------------------------------------------------------------------
     14980        882        856          0         96       8144   Library Totals

    ----------------------------------------------------------------------

==============================================================================


      Code (inc. data)   RO Data    RW Data    ZI Data      Debug   

     21880       1626       1228          4       1336      22729   Grand Totals
     21880       1626       1228          4       1336      22729   ELF Image Totals
     21880       1626       1228          4          0          0   ROM Totals

==============================================================================

    Total RO  Size (Code + RO Data)                23108 (  22.57kB)
    Total RW  Size (RW Data + ZI Data)              1340 (   1.31kB)
    Total ROM Size (Code + RO Data + RW Data)      23112 (  22.57kB)

==============================================================================

